159 3 ControllableSurvivalResult(proven_actions=('BOMB',), scenarios_evaluated=8, states_evaluated=3500, timed_out=False, first_failing_profile=None, first_failing_order=None)
159 4 ControllableSurvivalResult(proven_actions=('BOMB',), scenarios_evaluated=8, states_evaluated=4548, timed_out=False, first_failing_profile=None, first_failing_order=None)
159 5 ControllableSurvivalResult(proven_actions=('BOMB',), scenarios_evaluated=8, states_evaluated=5470, timed_out=False, first_failing_profile=None, first_failing_order=None)
159 6 ControllableSurvivalResult(proven_actions=('BOMB',), scenarios_evaluated=8, states_evaluated=6281, timed_out=False, first_failing_profile=None, first_failing_order=None)
159 7 ControllableSurvivalResult(proven_actions=('BOMB',), scenarios_evaluated=8, states_evaluated=6994, timed_out=False, first_failing_profile=None, first_failing_order=None)
160 3 ControllableSurvivalResult(proven_actions=('RIGHT', 'WAIT'), scenarios_evaluated=40, states_evaluated=17336, timed_out=False, first_failing_profile=None, first_failing_order=None)
160 4 ControllableSurvivalResult(proven_actions=('RIGHT', 'WAIT'), scenarios_evaluated=40, states_evaluated=22254, timed_out=False, first_failing_profile=None, first_failing_order=None)
160 5 ControllableSurvivalResult(proven_actions=('RIGHT',), scenarios_evaluated=23, states_evaluated=15358, timed_out=False, first_failing_profile=('WAIT', 'WAIT', 'RIGHT'), first_failing_order=(0, 1, 2))
160 6 ControllableSurvivalResult(proven_actions=('RIGHT',), scenarios_evaluated=21, states_evaluated=16114, timed_out=False, first_failing_profile=('WAIT', 'WAIT', 'WAIT'), first_failing_order=(0, 1, 2))
160 7 ControllableSurvivalResult(proven_actions=('RIGHT',), scenarios_evaluated=21, states_evaluated=17771, timed_out=False, first_failing_profile=('WAIT', 'WAIT', 'WAIT'), first_failing_order=(0, 1, 2))
161 3 ControllableSurvivalResult(proven_actions=('RIGHT', 'WAIT'), scenarios_evaluated=24, states_evaluated=10160, timed_out=False, first_failing_profile=None, first_failing_order=None)
161 4 ControllableSurvivalResult(proven_actions=('RIGHT',), scenarios_evaluated=14, states_evaluated=7606, timed_out=False, first_failing_profile=('WAIT', 'WAIT', 'RIGHT'), first_failing_order=(0, 1, 2))
161 5 ControllableSurvivalResult(proven_actions=('RIGHT',), scenarios_evaluated=13, states_evaluated=8498, timed_out=False, first_failing_profile=('WAIT', 'WAIT', 'WAIT'), first_failing_order=(0, 1, 2))
161 6 ControllableSurvivalResult(proven_actions=('RIGHT',), scenarios_evaluated=13, states_evaluated=9680, timed_out=False, first_failing_profile=('WAIT', 'WAIT', 'WAIT'), first_failing_order=(0, 1, 2))
161 7 ControllableSurvivalResult(proven_actions=('RIGHT',), scenarios_evaluated=13, states_evaluated=10616, timed_out=False, first_failing_profile=('WAIT', 'WAIT', 'WAIT'), first_failing_order=(0, 1, 2))
162 3 ControllableSurvivalResult(proven_actions=('RIGHT',), scenarios_evaluated=41, states_evaluated=17295, timed_out=False, first_failing_profile=('UP', 'DOWN', 'WAIT'), first_failing_order=(0, 1, 2))
162 4 ControllableSurvivalResult(proven_actions=('RIGHT',), scenarios_evaluated=41, states_evaluated=22744, timed_out=False, first_failing_profile=('UP', 'DOWN', 'WAIT'), first_failing_order=(0, 1, 2))
162 5 ControllableSurvivalResult(proven_actions=('RIGHT',), scenarios_evaluated=41, states_evaluated=27403, timed_out=False, first_failing_profile=('UP', 'DOWN', 'WAIT'), first_failing_order=(0, 1, 2))
162 6 ControllableSurvivalResult(proven_actions=('RIGHT',), scenarios_evaluated=41, states_evaluated=31506, timed_out=False, first_failing_profile=('UP', 'DOWN', 'WAIT'), first_failing_order=(0, 1, 2))
162 7 ControllableSurvivalResult(proven_actions=(), scenarios_evaluated=27, states_evaluated=23114, timed_out=False, first_failing_profile=('UP', 'DOWN', 'WAIT'), first_failing_order=(0, 1, 2))
