ControllableSurvivalResult(proven_actions=('UP', 'RIGHT', 'DOWN', 'LEFT', 'WAIT'), scenarios_evaluated=700, states_evaluated=460405, timed_out=False, first_failing_profile=None, first_failing_order=None)
         374632 function calls in 0.476 seconds

   Ordered by: cumulative time
   List reduced from 104 to 18 due to restriction <18>

   ncalls  tottime  percall  cumtime  percall filename:lineno(function)
        1    0.001    0.001    0.478    0.478 /export/data/sfan/MLE_final_project_task4_fast/agent_code/team_agent/controllable_survival.py:52(controllable_survival_actions)
        5    0.006    0.001    0.476    0.095 /export/data/sfan/MLE_final_project_task4_fast/agent_code/team_agent/controllable_survival.py:190(action_winning)
      700    0.272    0.000    0.419    0.001 /export/data/sfan/MLE_final_project_task4_fast/agent_code/team_agent/controllable_survival.py:77(abstract_feedback_winning)
      700    0.001    0.000    0.086    0.000 /export/data/sfan/MLE_final_project_task4_fast/agent_code/team_agent/temporal_safety_features.py:125(temporal_maps)
      700    0.002    0.000    0.085    0.000 /export/data/sfan/MLE_final_project_task4_fast/agent_code/team_agent/temporal_safety_features.py:115(_temporal_maps)
        5    0.004    0.001    0.050    0.010 /export/data/sfan/MLE_final_project_task4_fast/agent_code/team_agent/opponent_transitions.py:200(enumerate_opponent_transition_scenarios)
      700    0.003    0.000    0.045    0.000 /export/data/sfan/MLE_final_project_task4_fast/agent_code/team_agent/danger.py:50(predict_danger)
     2230    0.025    0.000    0.027    0.000 /export/data/sfan/MLE_final_project_task4_fast/agent_code/team_agent/danger.py:14(blast_coords)
     1115    0.011    0.000    0.025    0.000 /export/data/sfan/MLE_final_project_task4_fast/agent_code/team_agent/danger.py:32(_mark_bomb_danger)
     1530    0.006    0.000    0.022    0.000 /export/data/sfan/MLE_final_project_task4_fast/agent_code/team_agent/opponent_transitions.py:64(_state_key)
   199118    0.020    0.000    0.020    0.000 {method 'add' of 'set' objects}
      700    0.006    0.000    0.020    0.000 /export/data/sfan/MLE_final_project_task4_fast/agent_code/team_agent/temporal_safety_features.py:96(_mark_destroyed_crates)
      700    0.005    0.000    0.015    0.000 /export/data/sfan/MLE_final_project_task4_fast/agent_code/team_agent/temporal_safety_features.py:85(_initial_blocked)
      700    0.004    0.000    0.015    0.000 /export/data/sfan/MLE_final_project_task4_fast/agent_code/team_agent/danger.py:43(_mark_existing_explosions)
      830    0.008    0.000    0.013    0.000 /export/data/sfan/MLE_final_project_task4_fast/agent_code/team_agent/opponent_transitions.py:81(_apply_action_phase)
      830    0.009    0.000    0.012    0.000 /export/data/sfan/MLE_final_project_task4_fast/agent_code/team_agent/opponent_transitions.py:119(_progress_world)
      700    0.000    0.000    0.012    0.000 /export/data/sfan/MLE_final_project_task4_fast/agent_code/team_agent/opponent_transitions.py:76(canonical_state_key)
      700    0.002    0.000    0.011    0.000 /export/data/sfan/miniforge3/envs/mle/lib/python3.10/site-packages/numpy/_core/numeric.py:591(argwhere)


