E
======================================================================
ERROR: test_hundred_world_four_agent_chart_has_bounded_pixel_dimensions (tests.test_evaluation.ExperimentAnalysisTest)
----------------------------------------------------------------------
Traceback (most recent call last):
  File "/export/data/sfan/MLE_final_project_safety/tests/test_evaluation.py", line 158, in test_hundred_world_four_agent_chart_has_bounded_pixel_dimensions
    chart = _write_mean_score_chart(rows, Path(temporary_directory))
  File "/export/data/sfan/MLE_final_project_safety/experiments/analyze.py", line 989, in _write_mean_score_chart
    figure.savefig(chart_path, dpi=150)
  File "/export/data/sfan/miniforge3/envs/mle/lib/python3.10/site-packages/matplotlib/figure.py", line 3395, in savefig
    self.canvas.print_figure(fname, **kwargs)
  File "/export/data/sfan/miniforge3/envs/mle/lib/python3.10/site-packages/matplotlib/backend_bases.py", line 2167, in print_figure
    renderer = _get_renderer(
  File "/export/data/sfan/miniforge3/envs/mle/lib/python3.10/site-packages/matplotlib/backend_bases.py", line 1588, in _get_renderer
    print_method(io.BytesIO())
  File "/export/data/sfan/miniforge3/envs/mle/lib/python3.10/site-packages/matplotlib/backend_bases.py", line 2054, in <lambda>
    print_method = functools.wraps(meth)(lambda *args, **kwargs: meth(
  File "/export/data/sfan/miniforge3/envs/mle/lib/python3.10/site-packages/matplotlib/backends/backend_agg.py", line 496, in print_png
    self._print_pil(filename_or_obj, "png", pil_kwargs, metadata)
  File "/export/data/sfan/miniforge3/envs/mle/lib/python3.10/site-packages/matplotlib/backends/backend_agg.py", line 444, in _print_pil
    FigureCanvasAgg.draw(self)
  File "/export/data/sfan/miniforge3/envs/mle/lib/python3.10/site-packages/matplotlib/backends/backend_agg.py", line 382, in draw
    self.renderer = self.get_renderer()
  File "/export/data/sfan/miniforge3/envs/mle/lib/python3.10/site-packages/matplotlib/backends/backend_agg.py", line 397, in get_renderer
    self.renderer = RendererAgg(w, h, self.figure.dpi)
  File "/export/data/sfan/miniforge3/envs/mle/lib/python3.10/site-packages/matplotlib/backends/backend_agg.py", line 70, in __init__
    self._renderer = _RendererAgg(int(width), int(height), dpi)
ValueError: Image size of 78000x675 pixels is too large. It must be less than 2^16 in each direction.

----------------------------------------------------------------------
Ran 1 test in 0.942s

FAILED (errors=1)
