[
  {
    "ms": 283.50811544805765,
    "timeout": false,
    "states": 616094,
    "mask": [
      false,
      true,
      false,
      true,
      true,
      true
    ]
  },
  {
    "ms": 269.8265481740236,
    "timeout": false,
    "states": 616094,
    "mask": [
      false,
      true,
      false,
      true,
      true,
      true
    ]
  },
  {
    "ms": 275.95536410808563,
    "timeout": false,
    "states": 616094,
    "mask": [
      false,
      true,
      false,
      true,
      true,
      true
    ]
  },
  {
    "ms": 281.2366411089897,
    "timeout": false,
    "states": 616094,
    "mask": [
      false,
      true,
      false,
      true,
      true,
      true
    ]
  },
  {
    "ms": 273.72418995946646,
    "timeout": false,
    "states": 616094,
    "mask": [
      false,
      true,
      false,
      true,
      true,
      true
    ]
  },
  {
    "ms": 278.9049372076988,
    "timeout": false,
    "states": 616094,
    "mask": [
      false,
      true,
      false,
      true,
      true,
      true
    ]
  },
  {
    "ms": 278.96709740161896,
    "timeout": false,
    "states": 616094,
    "mask": [
      false,
      true,
      false,
      true,
      true,
      true
    ]
  },
  {
    "ms": 275.5432603880763,
    "timeout": false,
    "states": 616094,
    "mask": [
      false,
      true,
      false,
      true,
      true,
      true
    ]
  },
  {
    "ms": 277.2161280736327,
    "timeout": false,
    "states": 616094,
    "mask": [
      false,
      true,
      false,
      true,
      true,
      true
    ]
  },
  {
    "ms": 271.8367697671056,
    "timeout": false,
    "states": 616094,
    "mask": [
      false,
      true,
      false,
      true,
      true,
      true
    ]
  },
  {
    "ms": 399.86041467636824,
    "timeout": false,
    "states": 616094,
    "mask": [
      false,
      true,
      false,
      true,
      true,
      true
    ]
  },
  {
    "ms": 275.0953249633312,
    "timeout": false,
    "states": 616094,
    "mask": [
      false,
      true,
      false,
      true,
      true,
      true
    ]
  },
  {
    "ms": 279.6280747279525,
    "timeout": false,
    "states": 616094,
    "mask": [
      false,
      true,
      false,
      true,
      true,
      true
    ]
  },
  {
    "ms": 267.73863565176725,
    "timeout": false,
    "states": 616094,
    "mask": [
      false,
      true,
      false,
      true,
      true,
      true
    ]
  },
  {
    "ms": 281.17142152041197,
    "timeout": false,
    "states": 616094,
    "mask": [
      false,
      true,
      false,
      true,
      true,
      true
    ]
  },
  {
    "ms": 280.52130341529846,
    "timeout": false,
    "states": 616094,
    "mask": [
      false,
      true,
      false,
      true,
      true,
      true
    ]
  },
  {
    "ms": 267.6628539338708,
    "timeout": false,
    "states": 616094,
    "mask": [
      false,
      true,
      false,
      true,
      true,
      true
    ]
  },
  {
    "ms": 276.05871483683586,
    "timeout": false,
    "states": 616094,
    "mask": [
      false,
      true,
      false,
      true,
      true,
      true
    ]
  },
  {
    "ms": 259.24322474747896,
    "timeout": false,
    "states": 616094,
    "mask": [
      false,
      true,
      false,
      true,
      true,
      true
    ]
  },
  {
    "ms": 287.5182796269655,
    "timeout": false,
    "states": 616094,
    "mask": [
      false,
      true,
      false,
      true,
      true,
      true
    ]
  },
  {
    "ms": 276.5855323523283,
    "timeout": false,
    "states": 616094,
    "mask": [
      false,
      true,
      false,
      true,
      true,
      true
    ]
  },
  {
    "ms": 269.5929352194071,
    "timeout": false,
    "states": 616094,
    "mask": [
      false,
      true,
      false,
      true,
      true,
      true
    ]
  },
  {
    "ms": 260.47282572835684,
    "timeout": false,
    "states": 616094,
    "mask": [
      false,
      true,
      false,
      true,
      true,
      true
    ]
  },
  {
    "ms": 261.93603221327066,
    "timeout": false,
    "states": 616094,
    "mask": [
      false,
      true,
      false,
      true,
      true,
      true
    ]
  },
  {
    "ms": 272.027931176126,
    "timeout": false,
    "states": 616094,
    "mask": [
      false,
      true,
      false,
      true,
      true,
      true
    ]
  },
  {
    "ms": 259.2886742204428,
    "timeout": false,
    "states": 616094,
    "mask": [
      false,
      true,
      false,
      true,
      true,
      true
    ]
  },
  {
    "ms": 266.6820138692856,
    "timeout": false,
    "states": 616094,
    "mask": [
      false,
      true,
      false,
      true,
      true,
      true
    ]
  },
  {
    "ms": 262.86678295582533,
    "timeout": false,
    "states": 616094,
    "mask": [
      false,
      true,
      false,
      true,
      true,
      true
    ]
  },
  {
    "ms": 257.77068827301264,
    "timeout": false,
    "states": 616094,
    "mask": [
      false,
      true,
      false,
      true,
      true,
      true
    ]
  },
  {
    "ms": 258.6698168888688,
    "timeout": false,
    "states": 616094,
    "mask": [
      false,
      true,
      false,
      true,
      true,
      true
    ]
  },
  {
    "ms": 262.7566521987319,
    "timeout": false,
    "states": 616094,
    "mask": [
      false,
      true,
      false,
      true,
      true,
      true
    ]
  },
  {
    "ms": 261.80299185216427,
    "timeout": false,
    "states": 616094,
    "mask": [
      false,
      true,
      false,
      true,
      true,
      true
    ]
  },
  {
    "ms": 275.9070536121726,
    "timeout": false,
    "states": 616094,
    "mask": [
      false,
      true,
      false,
      true,
      true,
      true
    ]
  },
  {
    "ms": 271.9719922170043,
    "timeout": false,
    "states": 616094,
    "mask": [
      false,
      true,
      false,
      true,
      true,
      true
    ]
  },
  {
    "ms": 290.67898355424404,
    "timeout": false,
    "states": 616094,
    "mask": [
      false,
      true,
      false,
      true,
      true,
      true
    ]
  },
  {
    "ms": 277.4191303178668,
    "timeout": false,
    "states": 616094,
    "mask": [
      false,
      true,
      false,
      true,
      true,
      true
    ]
  },
  {
    "ms": 283.869500271976,
    "timeout": false,
    "states": 616094,
    "mask": [
      false,
      true,
      false,
      true,
      true,
      true
    ]
  },
  {
    "ms": 270.83250880241394,
    "timeout": false,
    "states": 616094,
    "mask": [
      false,
      true,
      false,
      true,
      true,
      true
    ]
  },
  {
    "ms": 286.6952111944556,
    "timeout": false,
    "states": 616094,
    "mask": [
      false,
      true,
      false,
      true,
      true,
      true
    ]
  },
  {
    "ms": 278.67011446505785,
    "timeout": false,
    "states": 616094,
    "mask": [
      false,
      true,
      false,
      true,
      true,
      true
    ]
  },
  {
    "ms": 291.83024633675814,
    "timeout": false,
    "states": 616094,
    "mask": [
      false,
      true,
      false,
      true,
      true,
      true
    ]
  },
  {
    "ms": 281.42608422786,
    "timeout": false,
    "states": 616094,
    "mask": [
      false,
      true,
      false,
      true,
      true,
      true
    ]
  },
  {
    "ms": 278.039607219398,
    "timeout": false,
    "states": 616094,
    "mask": [
      false,
      true,
      false,
      true,
      true,
      true
    ]
  },
  {
    "ms": 270.6615971401334,
    "timeout": false,
    "states": 616094,
    "mask": [
      false,
      true,
      false,
      true,
      true,
      true
    ]
  },
  {
    "ms": 269.62638553231955,
    "timeout": false,
    "states": 616094,
    "mask": [
      false,
      true,
      false,
      true,
      true,
      true
    ]
  },
  {
    "ms": 265.1554076001048,
    "timeout": false,
    "states": 616094,
    "mask": [
      false,
      true,
      false,
      true,
      true,
      true
    ]
  },
  {
    "ms": 271.2101433426142,
    "timeout": false,
    "states": 616094,
    "mask": [
      false,
      true,
      false,
      true,
      true,
      true
    ]
  },
  {
    "ms": 267.4453631043434,
    "timeout": false,
    "states": 616094,
    "mask": [
      false,
      true,
      false,
      true,
      true,
      true
    ]
  },
  {
    "ms": 262.96032406389713,
    "timeout": false,
    "states": 616094,
    "mask": [
      false,
      true,
      false,
      true,
      true,
      true
    ]
  },
  {
    "ms": 263.02055455744267,
    "timeout": false,
    "states": 616094,
    "mask": [
      false,
      true,
      false,
      true,
      true,
      true
    ]
  },
  {
    "ms": 260.4376869276166,
    "timeout": false,
    "states": 616094,
    "mask": [
      false,
      true,
      false,
      true,
      true,
      true
    ]
  },
  {
    "ms": 283.1926429644227,
    "timeout": false,
    "states": 616094,
    "mask": [
      false,
      true,
      false,
      true,
      true,
      true
    ]
  },
  {
    "ms": 288.4085485711694,
    "timeout": false,
    "states": 616094,
    "mask": [
      false,
      true,
      false,
      true,
      true,
      true
    ]
  },
  {
    "ms": 392.85905845463276,
    "timeout": false,
    "states": 616094,
    "mask": [
      false,
      true,
      false,
      true,
      true,
      true
    ]
  },
  {
    "ms": 277.48184092342854,
    "timeout": false,
    "states": 616094,
    "mask": [
      false,
      true,
      false,
      true,
      true,
      true
    ]
  },
  {
    "ms": 275.5925804376602,
    "timeout": false,
    "states": 616094,
    "mask": [
      false,
      true,
      false,
      true,
      true,
      true
    ]
  },
  {
    "ms": 275.55369958281517,
    "timeout": false,
    "states": 616094,
    "mask": [
      false,
      true,
      false,
      true,
      true,
      true
    ]
  },
  {
    "ms": 276.1918967589736,
    "timeout": false,
    "states": 616094,
    "mask": [
      false,
      true,
      false,
      true,
      true,
      true
    ]
  },
  {
    "ms": 294.16072089225054,
    "timeout": false,
    "states": 616094,
    "mask": [
      false,
      true,
      false,
      true,
      true,
      true
    ]
  },
  {
    "ms": 290.94651620835066,
    "timeout": false,
    "states": 616094,
    "mask": [
      false,
      true,
      false,
      true,
      true,
      true
    ]
  },
  {
    "ms": 275.81863291561604,
    "timeout": false,
    "states": 616094,
    "mask": [
      false,
      true,
      false,
      true,
      true,
      true
    ]
  },
  {
    "ms": 283.9501304551959,
    "timeout": false,
    "states": 616094,
    "mask": [
      false,
      true,
      false,
      true,
      true,
      true
    ]
  },
  {
    "ms": 285.6497997418046,
    "timeout": false,
    "states": 616094,
    "mask": [
      false,
      true,
      false,
      true,
      true,
      true
    ]
  },
  {
    "ms": 268.6377661302686,
    "timeout": false,
    "states": 616094,
    "mask": [
      false,
      true,
      false,
      true,
      true,
      true
    ]
  },
  {
    "ms": 269.7149869054556,
    "timeout": false,
    "states": 616094,
    "mask": [
      false,
      true,
      false,
      true,
      true,
      true
    ]
  },
  {
    "ms": 270.31991444528103,
    "timeout": false,
    "states": 616094,
    "mask": [
      false,
      true,
      false,
      true,
      true,
      true
    ]
  },
  {
    "ms": 277.1778376773,
    "timeout": false,
    "states": 616094,
    "mask": [
      false,
      true,
      false,
      true,
      true,
      true
    ]
  },
  {
    "ms": 276.3362694531679,
    "timeout": false,
    "states": 616094,
    "mask": [
      false,
      true,
      false,
      true,
      true,
      true
    ]
  },
  {
    "ms": 257.736137136817,
    "timeout": false,
    "states": 616094,
    "mask": [
      false,
      true,
      false,
      true,
      true,
      true
    ]
  },
  {
    "ms": 265.6549420207739,
    "timeout": false,
    "states": 616094,
    "mask": [
      false,
      true,
      false,
      true,
      true,
      true
    ]
  },
  {
    "ms": 265.20313788205385,
    "timeout": false,
    "states": 616094,
    "mask": [
      false,
      true,
      false,
      true,
      true,
      true
    ]
  },
  {
    "ms": 269.89730913192034,
    "timeout": false,
    "states": 616094,
    "mask": [
      false,
      true,
      false,
      true,
      true,
      true
    ]
  },
  {
    "ms": 301.60339176654816,
    "timeout": false,
    "states": 616094,
    "mask": [
      false,
      true,
      false,
      true,
      true,
      true
    ]
  },
  {
    "ms": 284.3119939789176,
    "timeout": false,
    "states": 616094,
    "mask": [
      false,
      true,
      false,
      true,
      true,
      true
    ]
  },
  {
    "ms": 268.8600169494748,
    "timeout": false,
    "states": 616094,
    "mask": [
      false,
      true,
      false,
      true,
      true,
      true
    ]
  },
  {
    "ms": 262.7633111551404,
    "timeout": false,
    "states": 616094,
    "mask": [
      false,
      true,
      false,
      true,
      true,
      true
    ]
  },
  {
    "ms": 263.07081524282694,
    "timeout": false,
    "states": 616094,
    "mask": [
      false,
      true,
      false,
      true,
      true,
      true
    ]
  },
  {
    "ms": 269.32894345372915,
    "timeout": false,
    "states": 616094,
    "mask": [
      false,
      true,
      false,
      true,
      true,
      true
    ]
  },
  {
    "ms": 267.1654997393489,
    "timeout": false,
    "states": 616094,
    "mask": [
      false,
      true,
      false,
      true,
      true,
      true
    ]
  },
  {
    "ms": 262.7709526568651,
    "timeout": false,
    "states": 616094,
    "mask": [
      false,
      true,
      false,
      true,
      true,
      true
    ]
  },
  {
    "ms": 272.48320635408163,
    "timeout": false,
    "states": 616094,
    "mask": [
      false,
      true,
      false,
      true,
      true,
      true
    ]
  },
  {
    "ms": 271.56131714582443,
    "timeout": false,
    "states": 616094,
    "mask": [
      false,
      true,
      false,
      true,
      true,
      true
    ]
  },
  {
    "ms": 264.26534820348024,
    "timeout": false,
    "states": 616094,
    "mask": [
      false,
      true,
      false,
      true,
      true,
      true
    ]
  },
  {
    "ms": 268.2511806488037,
    "timeout": false,
    "states": 616094,
    "mask": [
      false,
      true,
      false,
      true,
      true,
      true
    ]
  },
  {
    "ms": 267.60813500732183,
    "timeout": false,
    "states": 616094,
    "mask": [
      false,
      true,
      false,
      true,
      true,
      true
    ]
  },
  {
    "ms": 277.203437872231,
    "timeout": false,
    "states": 616094,
    "mask": [
      false,
      true,
      false,
      true,
      true,
      true
    ]
  },
  {
    "ms": 282.2168320417404,
    "timeout": false,
    "states": 616094,
    "mask": [
      false,
      true,
      false,
      true,
      true,
      true
    ]
  },
  {
    "ms": 275.72317235171795,
    "timeout": false,
    "states": 616094,
    "mask": [
      false,
      true,
      false,
      true,
      true,
      true
    ]
  },
  {
    "ms": 280.87953850626945,
    "timeout": false,
    "states": 616094,
    "mask": [
      false,
      true,
      false,
      true,
      true,
      true
    ]
  },
  {
    "ms": 263.7944119051099,
    "timeout": false,
    "states": 616094,
    "mask": [
      false,
      true,
      false,
      true,
      true,
      true
    ]
  },
  {
    "ms": 260.77869068831205,
    "timeout": false,
    "states": 616094,
    "mask": [
      false,
      true,
      false,
      true,
      true,
      true
    ]
  },
  {
    "ms": 265.68193454295397,
    "timeout": false,
    "states": 616094,
    "mask": [
      false,
      true,
      false,
      true,
      true,
      true
    ]
  },
  {
    "ms": 259.56401601433754,
    "timeout": false,
    "states": 616094,
    "mask": [
      false,
      true,
      false,
      true,
      true,
      true
    ]
  },
  {
    "ms": 276.80534310638905,
    "timeout": false,
    "states": 616094,
    "mask": [
      false,
      true,
      false,
      true,
      true,
      true
    ]
  },
  {
    "ms": 363.6568430811167,
    "timeout": false,
    "states": 616094,
    "mask": [
      false,
      true,
      false,
      true,
      true,
      true
    ]
  },
  {
    "ms": 266.11286774277687,
    "timeout": false,
    "states": 616094,
    "mask": [
      false,
      true,
      false,
      true,
      true,
      true
    ]
  },
  {
    "ms": 279.7002149745822,
    "timeout": false,
    "states": 616094,
    "mask": [
      false,
      true,
      false,
      true,
      true,
      true
    ]
  },
  {
    "ms": 291.48206301033497,
    "timeout": false,
    "states": 616094,
    "mask": [
      false,
      true,
      false,
      true,
      true,
      true
    ]
  },
  {
    "ms": 269.2059716209769,
    "timeout": false,
    "states": 616094,
    "mask": [
      false,
      true,
      false,
      true,
      true,
      true
    ]
  },
  {
    "ms": 266.89036656171083,
    "timeout": false,
    "states": 616094,
    "mask": [
      false,
      true,
      false,
      true,
      true,
      true
    ]
  }
]
