2026-09-18 14:05:11,001 [BombeRLeWorld] INFO: Initializing game world
2026-09-18 14:05:13,032 [BombeRLeWorld] INFO: STARTING ROUND #1
2026-09-18 14:05:13,032 [BombeRLeWorld] INFO: STARTING STEP 1
2026-09-18 14:05:13,046 [BombeRLeWorld] INFO: STARTING STEP 2
2026-09-18 14:05:13,060 [BombeRLeWorld] INFO: Agent <rule_based_agent_0> drops bomb at (np.int64(2), np.int64(1))
2026-09-18 14:05:13,063 [BombeRLeWorld] INFO: Agent <rule_based_agent_2> drops bomb at (np.int64(2), np.int64(15))
2026-09-18 14:05:13,067 [BombeRLeWorld] INFO: Agent <rule_based_agent_1> drops bomb at (np.int64(15), np.int64(2))
2026-09-18 14:05:13,068 [BombeRLeWorld] INFO: STARTING STEP 3
2026-09-18 14:05:13,082 [BombeRLeWorld] INFO: Agent <double_dqn_continuous_v2_agent> drops bomb at (np.int64(15), np.int64(13))
2026-09-18 14:05:13,083 [BombeRLeWorld] INFO: STARTING STEP 4
2026-09-18 14:05:13,097 [BombeRLeWorld] INFO: STARTING STEP 5
2026-09-18 14:05:13,110 [BombeRLeWorld] INFO: STARTING STEP 6
2026-09-18 14:05:13,124 [BombeRLeWorld] INFO: Agent <rule_based_agent_0>'s bomb at (np.int64(2), np.int64(1)) explodes
2026-09-18 14:05:13,124 [BombeRLeWorld] INFO: Agent <rule_based_agent_2>'s bomb at (np.int64(2), np.int64(15)) explodes
2026-09-18 14:05:13,124 [BombeRLeWorld] INFO: Agent <rule_based_agent_1>'s bomb at (np.int64(15), np.int64(2)) explodes
2026-09-18 14:05:13,124 [BombeRLeWorld] INFO: STARTING STEP 7
2026-09-18 14:05:13,137 [BombeRLeWorld] INFO: Agent <double_dqn_continuous_v2_agent>'s bomb at (np.int64(15), np.int64(13)) explodes
2026-09-18 14:05:13,137 [BombeRLeWorld] INFO: STARTING STEP 8
2026-09-18 14:05:13,148 [BombeRLeWorld] INFO: STARTING STEP 9
2026-09-18 14:05:13,165 [BombeRLeWorld] INFO: STARTING STEP 10
2026-09-18 14:05:13,180 [BombeRLeWorld] INFO: Agent <rule_based_agent_0> drops bomb at (np.int64(1), np.int64(5))
2026-09-18 14:05:13,183 [BombeRLeWorld] INFO: Agent <rule_based_agent_2> drops bomb at (np.int64(1), np.int64(13))
2026-09-18 14:05:13,186 [BombeRLeWorld] INFO: Agent <rule_based_agent_1> drops bomb at (np.int64(14), np.int64(1))
2026-09-18 14:05:13,186 [BombeRLeWorld] INFO: STARTING STEP 11
2026-09-18 14:05:13,206 [BombeRLeWorld] INFO: Agent <double_dqn_continuous_v2_agent> drops bomb at (np.int64(15), np.int64(15))
2026-09-18 14:05:13,207 [BombeRLeWorld] INFO: STARTING STEP 12
2026-09-18 14:05:13,221 [BombeRLeWorld] INFO: STARTING STEP 13
2026-09-18 14:05:13,237 [BombeRLeWorld] INFO: STARTING STEP 14
2026-09-18 14:05:13,253 [BombeRLeWorld] INFO: Agent <rule_based_agent_0>'s bomb at (np.int64(1), np.int64(5)) explodes
2026-09-18 14:05:13,253 [BombeRLeWorld] INFO: Agent <rule_based_agent_2>'s bomb at (np.int64(1), np.int64(13)) explodes
2026-09-18 14:05:13,253 [BombeRLeWorld] INFO: Agent <rule_based_agent_1>'s bomb at (np.int64(14), np.int64(1)) explodes
2026-09-18 14:05:13,253 [BombeRLeWorld] INFO: Coin found at (np.int64(12), np.int64(1))
2026-09-18 14:05:13,253 [BombeRLeWorld] INFO: STARTING STEP 15
2026-09-18 14:05:13,268 [BombeRLeWorld] INFO: Agent <double_dqn_continuous_v2_agent>'s bomb at (np.int64(15), np.int64(15)) explodes
2026-09-18 14:05:13,268 [BombeRLeWorld] INFO: STARTING STEP 16
2026-09-18 14:05:13,282 [BombeRLeWorld] INFO: STARTING STEP 17
2026-09-18 14:05:13,301 [BombeRLeWorld] INFO: Agent <rule_based_agent_2> drops bomb at (np.int64(5), np.int64(15))
2026-09-18 14:05:13,301 [BombeRLeWorld] INFO: STARTING STEP 18
2026-09-18 14:05:13,316 [BombeRLeWorld] INFO: Agent <double_dqn_continuous_v2_agent> drops bomb at (np.int64(13), np.int64(13))
2026-09-18 14:05:13,323 [BombeRLeWorld] INFO: Agent <rule_based_agent_1> drops bomb at (np.int64(13), np.int64(5))
2026-09-18 14:05:13,323 [BombeRLeWorld] INFO: STARTING STEP 19
2026-09-18 14:05:13,339 [BombeRLeWorld] INFO: STARTING STEP 20
2026-09-18 14:05:13,352 [BombeRLeWorld] INFO: Agent <rule_based_agent_0> drops bomb at (np.int64(5), np.int64(2))
2026-09-18 14:05:13,357 [BombeRLeWorld] INFO: STARTING STEP 21
2026-09-18 14:05:13,374 [BombeRLeWorld] INFO: Agent <rule_based_agent_2>'s bomb at (np.int64(5), np.int64(15)) explodes
2026-09-18 14:05:13,374 [BombeRLeWorld] INFO: STARTING STEP 22
2026-09-18 14:05:13,393 [BombeRLeWorld] INFO: Agent <double_dqn_continuous_v2_agent>'s bomb at (np.int64(13), np.int64(13)) explodes
2026-09-18 14:05:13,393 [BombeRLeWorld] INFO: Coin found at (np.int64(13), np.int64(11))
2026-09-18 14:05:13,393 [BombeRLeWorld] INFO: Agent <rule_based_agent_1>'s bomb at (np.int64(13), np.int64(5)) explodes
2026-09-18 14:05:13,393 [BombeRLeWorld] INFO: Coin found at (np.int64(13), np.int64(8))
2026-09-18 14:05:13,393 [BombeRLeWorld] INFO: STARTING STEP 23
2026-09-18 14:05:13,412 [BombeRLeWorld] INFO: STARTING STEP 24
2026-09-18 14:05:13,433 [BombeRLeWorld] INFO: Agent <rule_based_agent_0>'s bomb at (np.int64(5), np.int64(2)) explodes
2026-09-18 14:05:13,433 [BombeRLeWorld] INFO: STARTING STEP 25
2026-09-18 14:05:13,456 [BombeRLeWorld] INFO: Agent <double_dqn_continuous_v2_agent> picked up coin at (np.int64(13), np.int64(11)) and receives 1 point
2026-09-18 14:05:13,457 [BombeRLeWorld] INFO: STARTING STEP 26
2026-09-18 14:05:13,483 [BombeRLeWorld] INFO: STARTING STEP 27
2026-09-18 14:05:13,512 [BombeRLeWorld] INFO: Agent <double_dqn_continuous_v2_agent> drops bomb at (np.int64(13), np.int64(11))
2026-09-18 14:05:13,512 [BombeRLeWorld] INFO: Agent <rule_based_agent_1> picked up coin at (np.int64(12), np.int64(1)) and receives 1 point
2026-09-18 14:05:13,512 [BombeRLeWorld] INFO: STARTING STEP 28
2026-09-18 14:05:13,546 [BombeRLeWorld] INFO: STARTING STEP 29
2026-09-18 14:05:13,563 [BombeRLeWorld] INFO: Agent <rule_based_agent_1> drops bomb at (np.int64(11), np.int64(1))
2026-09-18 14:05:13,570 [BombeRLeWorld] INFO: Agent <rule_based_agent_2> drops bomb at (np.int64(5), np.int64(12))
2026-09-18 14:05:13,570 [BombeRLeWorld] INFO: STARTING STEP 30
2026-09-18 14:05:13,591 [BombeRLeWorld] INFO: Agent <double_dqn_continuous_v2_agent> picked up coin at (np.int64(13), np.int64(8)) and receives 1 point
2026-09-18 14:05:13,591 [BombeRLeWorld] INFO: STARTING STEP 31
2026-09-18 14:05:13,610 [BombeRLeWorld] INFO: Agent <double_dqn_continuous_v2_agent>'s bomb at (np.int64(13), np.int64(11)) explodes
2026-09-18 14:05:13,611 [BombeRLeWorld] INFO: STARTING STEP 32
2026-09-18 14:05:13,631 [BombeRLeWorld] INFO: STARTING STEP 33
2026-09-18 14:05:13,653 [BombeRLeWorld] INFO: Agent <rule_based_agent_1>'s bomb at (np.int64(11), np.int64(1)) explodes
2026-09-18 14:05:13,654 [BombeRLeWorld] INFO: Agent <rule_based_agent_2>'s bomb at (np.int64(5), np.int64(12)) explodes
2026-09-18 14:05:13,654 [BombeRLeWorld] INFO: STARTING STEP 34
2026-09-18 14:05:13,675 [BombeRLeWorld] INFO: STARTING STEP 35
2026-09-18 14:05:13,696 [BombeRLeWorld] INFO: Agent <double_dqn_continuous_v2_agent> drops bomb at (np.int64(13), np.int64(9))
2026-09-18 14:05:13,696 [BombeRLeWorld] INFO: STARTING STEP 36
2026-09-18 14:05:13,727 [BombeRLeWorld] INFO: STARTING STEP 37
2026-09-18 14:05:13,744 [BombeRLeWorld] INFO: Agent <rule_based_agent_2> drops bomb at (np.int64(6), np.int64(13))
2026-09-18 14:05:13,748 [BombeRLeWorld] INFO: STARTING STEP 38
2026-09-18 14:05:13,767 [BombeRLeWorld] INFO: STARTING STEP 39
2026-09-18 14:05:13,784 [BombeRLeWorld] INFO: Agent <rule_based_agent_1> drops bomb at (np.int64(10), np.int64(5))
2026-09-18 14:05:13,788 [BombeRLeWorld] INFO: Agent <double_dqn_continuous_v2_agent>'s bomb at (np.int64(13), np.int64(9)) explodes
2026-09-18 14:05:13,788 [BombeRLeWorld] INFO: STARTING STEP 40
2026-09-18 14:05:13,805 [BombeRLeWorld] INFO: STARTING STEP 41
2026-09-18 14:05:13,823 [BombeRLeWorld] INFO: Agent <rule_based_agent_2>'s bomb at (np.int64(6), np.int64(13)) explodes
2026-09-18 14:05:13,824 [BombeRLeWorld] INFO: STARTING STEP 42
2026-09-18 14:05:13,845 [BombeRLeWorld] INFO: STARTING STEP 43
2026-09-18 14:05:13,867 [BombeRLeWorld] INFO: Agent <rule_based_agent_1>'s bomb at (np.int64(10), np.int64(5)) explodes
2026-09-18 14:05:13,867 [BombeRLeWorld] INFO: STARTING STEP 44
2026-09-18 14:05:13,890 [BombeRLeWorld] INFO: STARTING STEP 45
2026-09-18 14:05:13,912 [BombeRLeWorld] INFO: STARTING STEP 46
2026-09-18 14:05:13,938 [BombeRLeWorld] INFO: Agent <rule_based_agent_2> drops bomb at (np.int64(8), np.int64(15))
2026-09-18 14:05:13,940 [BombeRLeWorld] INFO: STARTING STEP 47
2026-09-18 14:05:13,958 [BombeRLeWorld] INFO: Agent <double_dqn_continuous_v2_agent> drops bomb at (np.int64(15), np.int64(15))
2026-09-18 14:05:13,962 [BombeRLeWorld] INFO: STARTING STEP 48
2026-09-18 14:05:13,980 [BombeRLeWorld] INFO: Agent <rule_based_agent_1> drops bomb at (np.int64(9), np.int64(2))
2026-09-18 14:05:13,982 [BombeRLeWorld] INFO: STARTING STEP 49
2026-09-18 14:05:14,001 [BombeRLeWorld] INFO: STARTING STEP 50
2026-09-18 14:05:14,020 [BombeRLeWorld] INFO: Agent <rule_based_agent_0> drops bomb at (np.int64(5), np.int64(14))
2026-09-18 14:05:14,020 [BombeRLeWorld] INFO: Agent <rule_based_agent_2>'s bomb at (np.int64(8), np.int64(15)) explodes
2026-09-18 14:05:14,020 [BombeRLeWorld] INFO: Coin found at (np.int64(11), np.int64(15))
2026-09-18 14:05:14,020 [BombeRLeWorld] INFO: STARTING STEP 51
2026-09-18 14:05:14,039 [BombeRLeWorld] INFO: Agent <double_dqn_continuous_v2_agent>'s bomb at (np.int64(15), np.int64(15)) explodes
2026-09-18 14:05:14,039 [BombeRLeWorld] INFO: STARTING STEP 52
2026-09-18 14:05:14,058 [BombeRLeWorld] INFO: Agent <rule_based_agent_1>'s bomb at (np.int64(9), np.int64(2)) explodes
2026-09-18 14:05:14,058 [BombeRLeWorld] INFO: STARTING STEP 53
2026-09-18 14:05:14,078 [BombeRLeWorld] INFO: STARTING STEP 54
2026-09-18 14:05:14,098 [BombeRLeWorld] INFO: Agent <rule_based_agent_0>'s bomb at (np.int64(5), np.int64(14)) explodes
2026-09-18 14:05:14,098 [BombeRLeWorld] INFO: STARTING STEP 55
2026-09-18 14:05:14,120 [BombeRLeWorld] INFO: Agent <double_dqn_continuous_v2_agent> picked up coin at (np.int64(11), np.int64(15)) and receives 1 point
2026-09-18 14:05:14,121 [BombeRLeWorld] INFO: STARTING STEP 56
2026-09-18 14:05:14,140 [BombeRLeWorld] INFO: Agent <double_dqn_continuous_v2_agent> drops bomb at (np.int64(11), np.int64(15))
2026-09-18 14:05:14,144 [BombeRLeWorld] INFO: STARTING STEP 57
2026-09-18 14:05:14,168 [BombeRLeWorld] INFO: STARTING STEP 58
2026-09-18 14:05:14,189 [BombeRLeWorld] INFO: Agent <rule_based_agent_1> drops bomb at (np.int64(7), np.int64(1))
2026-09-18 14:05:14,193 [BombeRLeWorld] INFO: STARTING STEP 59
2026-09-18 14:05:14,214 [BombeRLeWorld] INFO: STARTING STEP 60
2026-09-18 14:05:14,235 [BombeRLeWorld] INFO: Agent <rule_based_agent_2> drops bomb at (np.int64(3), np.int64(15))
2026-09-18 14:05:14,238 [BombeRLeWorld] INFO: Agent <double_dqn_continuous_v2_agent>'s bomb at (np.int64(11), np.int64(15)) explodes
2026-09-18 14:05:14,238 [BombeRLeWorld] INFO: STARTING STEP 61
2026-09-18 14:05:14,260 [BombeRLeWorld] INFO: STARTING STEP 62
2026-09-18 14:05:14,280 [BombeRLeWorld] INFO: Agent <rule_based_agent_1>'s bomb at (np.int64(7), np.int64(1)) explodes
2026-09-18 14:05:14,280 [BombeRLeWorld] INFO: Coin found at (np.int64(7), np.int64(4))
2026-09-18 14:05:14,280 [BombeRLeWorld] INFO: STARTING STEP 63
2026-09-18 14:05:14,309 [BombeRLeWorld] INFO: STARTING STEP 64
2026-09-18 14:05:14,333 [BombeRLeWorld] INFO: Agent <rule_based_agent_2>'s bomb at (np.int64(3), np.int64(15)) explodes
2026-09-18 14:05:14,333 [BombeRLeWorld] INFO: STARTING STEP 65
2026-09-18 14:05:14,360 [BombeRLeWorld] INFO: Agent <rule_based_agent_0> drops bomb at (np.int64(3), np.int64(10))
2026-09-18 14:05:14,363 [BombeRLeWorld] INFO: STARTING STEP 66
2026-09-18 14:05:14,386 [BombeRLeWorld] INFO: STARTING STEP 67
2026-09-18 14:05:14,416 [BombeRLeWorld] INFO: Agent <rule_based_agent_1> picked up coin at (np.int64(7), np.int64(4)) and receives 1 point
2026-09-18 14:05:14,416 [BombeRLeWorld] INFO: STARTING STEP 68
2026-09-18 14:05:14,441 [BombeRLeWorld] INFO: STARTING STEP 69
2026-09-18 14:05:14,460 [BombeRLeWorld] INFO: Agent <rule_based_agent_2> drops bomb at (np.int64(5), np.int64(11))
2026-09-18 14:05:14,468 [BombeRLeWorld] INFO: Agent <rule_based_agent_0>'s bomb at (np.int64(3), np.int64(10)) explodes
2026-09-18 14:05:14,468 [BombeRLeWorld] INFO: STARTING STEP 70
2026-09-18 14:05:14,490 [BombeRLeWorld] INFO: STARTING STEP 71
2026-09-18 14:05:14,512 [BombeRLeWorld] INFO: Agent <double_dqn_continuous_v2_agent> drops bomb at (np.int64(9), np.int64(15))
2026-09-18 14:05:14,514 [BombeRLeWorld] INFO: STARTING STEP 72
2026-09-18 14:05:14,542 [BombeRLeWorld] INFO: STARTING STEP 73
2026-09-18 14:05:14,564 [BombeRLeWorld] INFO: Agent <rule_based_agent_2>'s bomb at (np.int64(5), np.int64(11)) explodes
2026-09-18 14:05:14,564 [BombeRLeWorld] INFO: Coin found at (np.int64(8), np.int64(11))
2026-09-18 14:05:14,564 [BombeRLeWorld] INFO: STARTING STEP 74
2026-09-18 14:05:14,590 [BombeRLeWorld] INFO: STARTING STEP 75
2026-09-18 14:05:14,616 [BombeRLeWorld] INFO: Agent <double_dqn_continuous_v2_agent>'s bomb at (np.int64(9), np.int64(15)) explodes
2026-09-18 14:05:14,617 [BombeRLeWorld] INFO: STARTING STEP 76
2026-09-18 14:05:14,648 [BombeRLeWorld] INFO: STARTING STEP 77
2026-09-18 14:05:14,678 [BombeRLeWorld] INFO: STARTING STEP 78
2026-09-18 14:05:14,712 [BombeRLeWorld] INFO: STARTING STEP 79
2026-09-18 14:05:14,743 [BombeRLeWorld] INFO: STARTING STEP 80
2026-09-18 14:05:14,771 [BombeRLeWorld] INFO: Agent <rule_based_agent_0> drops bomb at (np.int64(3), np.int64(7))
2026-09-18 14:05:14,774 [BombeRLeWorld] INFO: STARTING STEP 81
2026-09-18 14:05:14,798 [BombeRLeWorld] INFO: Agent <double_dqn_continuous_v2_agent> picked up coin at (np.int64(8), np.int64(11)) and receives 1 point
2026-09-18 14:05:14,798 [BombeRLeWorld] INFO: STARTING STEP 82
2026-09-18 14:05:14,817 [BombeRLeWorld] INFO: Agent <rule_based_agent_1> drops bomb at (np.int64(10), np.int64(9))
2026-09-18 14:05:14,822 [BombeRLeWorld] INFO: STARTING STEP 83
2026-09-18 14:05:14,842 [BombeRLeWorld] INFO: Agent <double_dqn_continuous_v2_agent> drops bomb at (np.int64(7), np.int64(11))
2026-09-18 14:05:14,844 [BombeRLeWorld] INFO: STARTING STEP 84
2026-09-18 14:05:14,869 [BombeRLeWorld] INFO: Agent <rule_based_agent_0>'s bomb at (np.int64(3), np.int64(7)) explodes
2026-09-18 14:05:14,869 [BombeRLeWorld] INFO: Coin found at (np.int64(3), np.int64(4))
2026-09-18 14:05:14,869 [BombeRLeWorld] INFO: STARTING STEP 85
2026-09-18 14:05:14,895 [BombeRLeWorld] INFO: STARTING STEP 86
2026-09-18 14:05:14,927 [BombeRLeWorld] INFO: Agent <rule_based_agent_1>'s bomb at (np.int64(10), np.int64(9)) explodes
2026-09-18 14:05:14,928 [BombeRLeWorld] INFO: STARTING STEP 87
2026-09-18 14:05:14,955 [BombeRLeWorld] INFO: Agent <double_dqn_continuous_v2_agent>'s bomb at (np.int64(7), np.int64(11)) explodes
2026-09-18 14:05:14,955 [BombeRLeWorld] INFO: STARTING STEP 88
2026-09-18 14:05:14,983 [BombeRLeWorld] INFO: Agent <rule_based_agent_0> drops bomb at (np.int64(6), np.int64(7))
2026-09-18 14:05:14,989 [BombeRLeWorld] INFO: STARTING STEP 89
2026-09-18 14:05:15,013 [BombeRLeWorld] INFO: STARTING STEP 90
2026-09-18 14:05:15,047 [BombeRLeWorld] INFO: STARTING STEP 91
2026-09-18 14:05:15,075 [BombeRLeWorld] INFO: STARTING STEP 92
2026-09-18 14:05:15,103 [BombeRLeWorld] INFO: Agent <rule_based_agent_0>'s bomb at (np.int64(6), np.int64(7)) explodes
2026-09-18 14:05:15,104 [BombeRLeWorld] INFO: STARTING STEP 93
2026-09-18 14:05:15,131 [BombeRLeWorld] INFO: Agent <rule_based_agent_1> drops bomb at (np.int64(15), np.int64(8))
2026-09-18 14:05:15,132 [BombeRLeWorld] INFO: STARTING STEP 94
2026-09-18 14:05:15,159 [BombeRLeWorld] INFO: STARTING STEP 95
2026-09-18 14:05:15,180 [BombeRLeWorld] INFO: Agent <rule_based_agent_0> drops bomb at (np.int64(4), np.int64(9))
2026-09-18 14:05:15,188 [BombeRLeWorld] INFO: Agent <rule_based_agent_2> drops bomb at (np.int64(3), np.int64(9))
2026-09-18 14:05:15,191 [BombeRLeWorld] INFO: STARTING STEP 96
2026-09-18 14:05:15,216 [BombeRLeWorld] INFO: STARTING STEP 97
2026-09-18 14:05:15,243 [BombeRLeWorld] INFO: Agent <rule_based_agent_1>'s bomb at (np.int64(15), np.int64(8)) explodes
2026-09-18 14:05:15,243 [BombeRLeWorld] INFO: STARTING STEP 98
2026-09-18 14:05:15,267 [BombeRLeWorld] INFO: STARTING STEP 99
2026-09-18 14:05:15,293 [BombeRLeWorld] INFO: Agent <rule_based_agent_0>'s bomb at (np.int64(4), np.int64(9)) explodes
2026-09-18 14:05:15,293 [BombeRLeWorld] INFO: Agent <rule_based_agent_2>'s bomb at (np.int64(3), np.int64(9)) explodes
2026-09-18 14:05:15,293 [BombeRLeWorld] INFO: STARTING STEP 100
2026-09-18 14:05:15,322 [BombeRLeWorld] INFO: STARTING STEP 101
2026-09-18 14:05:15,348 [BombeRLeWorld] INFO: STARTING STEP 102
2026-09-18 14:05:15,374 [BombeRLeWorld] INFO: STARTING STEP 103
2026-09-18 14:05:15,399 [BombeRLeWorld] INFO: STARTING STEP 104
2026-09-18 14:05:15,427 [BombeRLeWorld] INFO: STARTING STEP 105
2026-09-18 14:05:15,444 [BombeRLeWorld] INFO: Agent <rule_based_agent_0> drops bomb at (np.int64(3), np.int64(9))
2026-09-18 14:05:15,453 [BombeRLeWorld] INFO: STARTING STEP 106
2026-09-18 14:05:15,465 [BombeRLeWorld] INFO: Agent <double_dqn_continuous_v2_agent> drops bomb at (np.int64(4), np.int64(9))
2026-09-18 14:05:15,469 [BombeRLeWorld] INFO: STARTING STEP 107
2026-09-18 14:05:15,502 [BombeRLeWorld] INFO: STARTING STEP 108
2026-09-18 14:05:15,522 [BombeRLeWorld] INFO: STARTING STEP 109
2026-09-18 14:05:15,539 [BombeRLeWorld] INFO: Agent <rule_based_agent_0>'s bomb at (np.int64(3), np.int64(9)) explodes
2026-09-18 14:05:15,539 [BombeRLeWorld] INFO: Agent <double_dqn_continuous_v2_agent> blown up by agent <rule_based_agent_0>'s bomb
2026-09-18 14:05:15,539 [BombeRLeWorld] INFO: Agent <rule_based_agent_0> receives 1 point
2026-09-18 14:05:15,539 [BombeRLeWorld] INFO: STARTING STEP 110
2026-09-18 14:05:15,552 [BombeRLeWorld] INFO: Agent <double_dqn_continuous_v2_agent>'s bomb at (np.int64(4), np.int64(9)) explodes
2026-09-18 14:05:15,552 [BombeRLeWorld] INFO: STARTING STEP 111
2026-09-18 14:05:15,560 [BombeRLeWorld] INFO: Agent <rule_based_agent_1> drops bomb at (np.int64(7), np.int64(11))
2026-09-18 14:05:15,569 [BombeRLeWorld] INFO: Agent <rule_based_agent_2> drops bomb at (np.int64(6), np.int64(11))
2026-09-18 14:05:15,569 [BombeRLeWorld] INFO: STARTING STEP 112
2026-09-18 14:05:15,580 [BombeRLeWorld] INFO: STARTING STEP 113
2026-09-18 14:05:15,589 [BombeRLeWorld] INFO: STARTING STEP 114
2026-09-18 14:05:15,598 [BombeRLeWorld] INFO: STARTING STEP 115
2026-09-18 14:05:15,607 [BombeRLeWorld] INFO: Agent <rule_based_agent_1>'s bomb at (np.int64(7), np.int64(11)) explodes
2026-09-18 14:05:15,607 [BombeRLeWorld] INFO: Agent <rule_based_agent_2>'s bomb at (np.int64(6), np.int64(11)) explodes
2026-09-18 14:05:15,607 [BombeRLeWorld] INFO: STARTING STEP 116
2026-09-18 14:05:15,618 [BombeRLeWorld] INFO: STARTING STEP 117
2026-09-18 14:05:15,628 [BombeRLeWorld] INFO: STARTING STEP 118
2026-09-18 14:05:15,643 [BombeRLeWorld] INFO: Agent <rule_based_agent_0> drops bomb at (np.int64(9), np.int64(7))
2026-09-18 14:05:15,643 [BombeRLeWorld] INFO: STARTING STEP 119
2026-09-18 14:05:15,656 [BombeRLeWorld] INFO: STARTING STEP 120
2026-09-18 14:05:15,669 [BombeRLeWorld] INFO: STARTING STEP 121
2026-09-18 14:05:15,681 [BombeRLeWorld] INFO: STARTING STEP 122
2026-09-18 14:05:15,691 [BombeRLeWorld] INFO: Agent <rule_based_agent_0>'s bomb at (np.int64(9), np.int64(7)) explodes
2026-09-18 14:05:15,691 [BombeRLeWorld] INFO: Coin found at (np.int64(12), np.int64(7))
2026-09-18 14:05:15,691 [BombeRLeWorld] INFO: STARTING STEP 123
2026-09-18 14:05:15,704 [BombeRLeWorld] INFO: Agent <rule_based_agent_2> drops bomb at (np.int64(7), np.int64(9))
2026-09-18 14:05:15,704 [BombeRLeWorld] INFO: STARTING STEP 124
2026-09-18 14:05:15,714 [BombeRLeWorld] INFO: STARTING STEP 125
2026-09-18 14:05:15,725 [BombeRLeWorld] INFO: STARTING STEP 126
2026-09-18 14:05:15,736 [BombeRLeWorld] INFO: Agent <rule_based_agent_1> picked up coin at (np.int64(3), np.int64(4)) and receives 1 point
2026-09-18 14:05:15,736 [BombeRLeWorld] INFO: STARTING STEP 127
2026-09-18 14:05:15,751 [BombeRLeWorld] INFO: Agent <rule_based_agent_1> drops bomb at (np.int64(3), np.int64(4))
2026-09-18 14:05:15,751 [BombeRLeWorld] INFO: Agent <rule_based_agent_2>'s bomb at (np.int64(7), np.int64(9)) explodes
2026-09-18 14:05:15,751 [BombeRLeWorld] INFO: STARTING STEP 128
2026-09-18 14:05:15,764 [BombeRLeWorld] INFO: STARTING STEP 129
2026-09-18 14:05:15,777 [BombeRLeWorld] INFO: Agent <rule_based_agent_0> picked up coin at (np.int64(12), np.int64(7)) and receives 1 point
2026-09-18 14:05:15,777 [BombeRLeWorld] INFO: STARTING STEP 130
2026-09-18 14:05:15,794 [BombeRLeWorld] INFO: STARTING STEP 131
2026-09-18 14:05:15,809 [BombeRLeWorld] INFO: Agent <rule_based_agent_1>'s bomb at (np.int64(3), np.int64(4)) explodes
2026-09-18 14:05:15,810 [BombeRLeWorld] INFO: STARTING STEP 132
2026-09-18 14:05:15,824 [BombeRLeWorld] INFO: STARTING STEP 133
2026-09-18 14:05:15,839 [BombeRLeWorld] INFO: STARTING STEP 134
2026-09-18 14:05:15,855 [BombeRLeWorld] INFO: STARTING STEP 135
2026-09-18 14:05:15,870 [BombeRLeWorld] INFO: Agent <rule_based_agent_0> drops bomb at (np.int64(11), np.int64(7))
2026-09-18 14:05:15,874 [BombeRLeWorld] INFO: STARTING STEP 136
2026-09-18 14:05:15,891 [BombeRLeWorld] INFO: STARTING STEP 137
2026-09-18 14:05:15,906 [BombeRLeWorld] INFO: Agent <rule_based_agent_1> drops bomb at (np.int64(5), np.int64(5))
2026-09-18 14:05:15,908 [BombeRLeWorld] INFO: STARTING STEP 138
2026-09-18 14:05:15,923 [BombeRLeWorld] INFO: STARTING STEP 139
2026-09-18 14:05:15,937 [BombeRLeWorld] INFO: Agent <rule_based_agent_0>'s bomb at (np.int64(11), np.int64(7)) explodes
2026-09-18 14:05:15,938 [BombeRLeWorld] INFO: STARTING STEP 140
2026-09-18 14:05:15,954 [BombeRLeWorld] INFO: STARTING STEP 141
2026-09-18 14:05:15,966 [BombeRLeWorld] INFO: Agent <rule_based_agent_1>'s bomb at (np.int64(5), np.int64(5)) explodes
2026-09-18 14:05:15,966 [BombeRLeWorld] INFO: STARTING STEP 142
2026-09-18 14:05:15,979 [BombeRLeWorld] INFO: STARTING STEP 143
2026-09-18 14:05:15,988 [BombeRLeWorld] INFO: Agent <rule_based_agent_0> drops bomb at (np.int64(13), np.int64(9))
2026-09-18 14:05:15,993 [BombeRLeWorld] INFO: Agent <rule_based_agent_2> drops bomb at (np.int64(12), np.int64(9))
2026-09-18 14:05:15,995 [BombeRLeWorld] INFO: STARTING STEP 144
2026-09-18 14:05:16,013 [BombeRLeWorld] INFO: STARTING STEP 145
2026-09-18 14:05:16,026 [BombeRLeWorld] INFO: STARTING STEP 146
2026-09-18 14:05:16,040 [BombeRLeWorld] INFO: STARTING STEP 147
2026-09-18 14:05:16,056 [BombeRLeWorld] INFO: Agent <rule_based_agent_0>'s bomb at (np.int64(13), np.int64(9)) explodes
2026-09-18 14:05:16,056 [BombeRLeWorld] INFO: Agent <rule_based_agent_2>'s bomb at (np.int64(12), np.int64(9)) explodes
2026-09-18 14:05:16,056 [BombeRLeWorld] INFO: STARTING STEP 148
2026-09-18 14:05:16,071 [BombeRLeWorld] INFO: STARTING STEP 149
2026-09-18 14:05:16,083 [BombeRLeWorld] INFO: STARTING STEP 150
2026-09-18 14:05:16,096 [BombeRLeWorld] INFO: STARTING STEP 151
2026-09-18 14:05:16,105 [BombeRLeWorld] INFO: Agent <rule_based_agent_2> drops bomb at (np.int64(13), np.int64(11))
2026-09-18 14:05:16,110 [BombeRLeWorld] INFO: Agent <rule_based_agent_0> drops bomb at (np.int64(14), np.int64(11))
2026-09-18 14:05:16,113 [BombeRLeWorld] INFO: STARTING STEP 152
2026-09-18 14:05:16,126 [BombeRLeWorld] INFO: STARTING STEP 153
2026-09-18 14:05:16,137 [BombeRLeWorld] INFO: STARTING STEP 154
2026-09-18 14:05:16,147 [BombeRLeWorld] INFO: STARTING STEP 155
2026-09-18 14:05:16,157 [BombeRLeWorld] INFO: Agent <rule_based_agent_2>'s bomb at (np.int64(13), np.int64(11)) explodes
2026-09-18 14:05:16,157 [BombeRLeWorld] INFO: Agent <rule_based_agent_0>'s bomb at (np.int64(14), np.int64(11)) explodes
2026-09-18 14:05:16,157 [BombeRLeWorld] INFO: STARTING STEP 156
2026-09-18 14:05:16,165 [BombeRLeWorld] INFO: STARTING STEP 157
2026-09-18 14:05:16,174 [BombeRLeWorld] INFO: STARTING STEP 158
2026-09-18 14:05:16,185 [BombeRLeWorld] INFO: STARTING STEP 159
2026-09-18 14:05:16,196 [BombeRLeWorld] INFO: Agent <rule_based_agent_2> drops bomb at (np.int64(14), np.int64(13))
2026-09-18 14:05:16,201 [BombeRLeWorld] INFO: Agent <rule_based_agent_0> drops bomb at (np.int64(15), np.int64(13))
2026-09-18 14:05:16,201 [BombeRLeWorld] INFO: STARTING STEP 160
2026-09-18 14:05:16,216 [BombeRLeWorld] INFO: STARTING STEP 161
2026-09-18 14:05:16,229 [BombeRLeWorld] INFO: STARTING STEP 162
2026-09-18 14:05:16,244 [BombeRLeWorld] INFO: STARTING STEP 163
2026-09-18 14:05:16,258 [BombeRLeWorld] INFO: Agent <rule_based_agent_2>'s bomb at (np.int64(14), np.int64(13)) explodes
2026-09-18 14:05:16,258 [BombeRLeWorld] INFO: Agent <rule_based_agent_0>'s bomb at (np.int64(15), np.int64(13)) explodes
2026-09-18 14:05:16,258 [BombeRLeWorld] INFO: STARTING STEP 164
2026-09-18 14:05:16,272 [BombeRLeWorld] INFO: Agent <rule_based_agent_1> drops bomb at (np.int64(13), np.int64(11))
2026-09-18 14:05:16,275 [BombeRLeWorld] INFO: STARTING STEP 165
2026-09-18 14:05:16,287 [BombeRLeWorld] INFO: STARTING STEP 166
2026-09-18 14:05:16,300 [BombeRLeWorld] INFO: STARTING STEP 167
2026-09-18 14:05:16,314 [BombeRLeWorld] INFO: STARTING STEP 168
2026-09-18 14:05:16,326 [BombeRLeWorld] INFO: Agent <rule_based_agent_1>'s bomb at (np.int64(13), np.int64(11)) explodes
2026-09-18 14:05:16,326 [BombeRLeWorld] INFO: STARTING STEP 169
2026-09-18 14:05:16,339 [BombeRLeWorld] INFO: STARTING STEP 170
2026-09-18 14:05:16,353 [BombeRLeWorld] INFO: STARTING STEP 171
2026-09-18 14:05:16,367 [BombeRLeWorld] INFO: STARTING STEP 172
2026-09-18 14:05:16,381 [BombeRLeWorld] INFO: STARTING STEP 173
2026-09-18 14:05:16,392 [BombeRLeWorld] INFO: Agent <rule_based_agent_1> drops bomb at (np.int64(14), np.int64(13))
2026-09-18 14:05:16,396 [BombeRLeWorld] INFO: Agent <rule_based_agent_2> drops bomb at (np.int64(15), np.int64(13))
2026-09-18 14:05:16,396 [BombeRLeWorld] INFO: STARTING STEP 174
2026-09-18 14:05:16,406 [BombeRLeWorld] INFO: STARTING STEP 175
2026-09-18 14:05:16,416 [BombeRLeWorld] INFO: STARTING STEP 176
2026-09-18 14:05:16,427 [BombeRLeWorld] INFO: STARTING STEP 177
2026-09-18 14:05:16,435 [BombeRLeWorld] INFO: Agent <rule_based_agent_1>'s bomb at (np.int64(14), np.int64(13)) explodes
2026-09-18 14:05:16,435 [BombeRLeWorld] INFO: Agent <rule_based_agent_2>'s bomb at (np.int64(15), np.int64(13)) explodes
2026-09-18 14:05:16,435 [BombeRLeWorld] INFO: STARTING STEP 178
2026-09-18 14:05:16,444 [BombeRLeWorld] INFO: STARTING STEP 179
2026-09-18 14:05:16,452 [BombeRLeWorld] INFO: STARTING STEP 180
2026-09-18 14:05:16,458 [BombeRLeWorld] INFO: Agent <rule_based_agent_1> drops bomb at (np.int64(13), np.int64(14))
2026-09-18 14:05:16,466 [BombeRLeWorld] INFO: Agent <rule_based_agent_2> drops bomb at (np.int64(13), np.int64(13))
2026-09-18 14:05:16,466 [BombeRLeWorld] INFO: STARTING STEP 181
2026-09-18 14:05:16,481 [BombeRLeWorld] INFO: STARTING STEP 182
2026-09-18 14:05:16,494 [BombeRLeWorld] INFO: STARTING STEP 183
2026-09-18 14:05:16,508 [BombeRLeWorld] INFO: STARTING STEP 184
2026-09-18 14:05:16,521 [BombeRLeWorld] INFO: Agent <rule_based_agent_1>'s bomb at (np.int64(13), np.int64(14)) explodes
2026-09-18 14:05:16,521 [BombeRLeWorld] INFO: Agent <rule_based_agent_2>'s bomb at (np.int64(13), np.int64(13)) explodes
2026-09-18 14:05:16,521 [BombeRLeWorld] INFO: STARTING STEP 185
2026-09-18 14:05:16,535 [BombeRLeWorld] INFO: STARTING STEP 186
2026-09-18 14:05:16,546 [BombeRLeWorld] INFO: STARTING STEP 187
2026-09-18 14:05:16,557 [BombeRLeWorld] INFO: STARTING STEP 188
2026-09-18 14:05:16,569 [BombeRLeWorld] INFO: Agent <rule_based_agent_2> drops bomb at (np.int64(12), np.int64(15))
2026-09-18 14:05:16,574 [BombeRLeWorld] INFO: Agent <rule_based_agent_1> drops bomb at (np.int64(13), np.int64(15))
2026-09-18 14:05:16,574 [BombeRLeWorld] INFO: STARTING STEP 189
2026-09-18 14:05:16,588 [BombeRLeWorld] INFO: STARTING STEP 190
2026-09-18 14:05:16,599 [BombeRLeWorld] INFO: STARTING STEP 191
2026-09-18 14:05:16,612 [BombeRLeWorld] INFO: STARTING STEP 192
2026-09-18 14:05:16,629 [BombeRLeWorld] INFO: Agent <rule_based_agent_0> drops bomb at (np.int64(11), np.int64(13))
2026-09-18 14:05:16,629 [BombeRLeWorld] INFO: Agent <rule_based_agent_2>'s bomb at (np.int64(12), np.int64(15)) explodes
2026-09-18 14:05:16,629 [BombeRLeWorld] INFO: Agent <rule_based_agent_1>'s bomb at (np.int64(13), np.int64(15)) explodes
2026-09-18 14:05:16,630 [BombeRLeWorld] INFO: STARTING STEP 193
2026-09-18 14:05:16,642 [BombeRLeWorld] INFO: STARTING STEP 194
2026-09-18 14:05:16,654 [BombeRLeWorld] INFO: STARTING STEP 195
2026-09-18 14:05:16,669 [BombeRLeWorld] INFO: STARTING STEP 196
2026-09-18 14:05:16,682 [BombeRLeWorld] INFO: Agent <rule_based_agent_0>'s bomb at (np.int64(11), np.int64(13)) explodes
2026-09-18 14:05:16,682 [BombeRLeWorld] INFO: STARTING STEP 197
2026-09-18 14:05:16,694 [BombeRLeWorld] INFO: STARTING STEP 198
2026-09-18 14:05:16,704 [BombeRLeWorld] INFO: STARTING STEP 199
2026-09-18 14:05:16,714 [BombeRLeWorld] INFO: Agent <rule_based_agent_1> drops bomb at (np.int64(15), np.int64(10))
2026-09-18 14:05:16,719 [BombeRLeWorld] INFO: Agent <rule_based_agent_0> drops bomb at (np.int64(15), np.int64(11))
2026-09-18 14:05:16,719 [BombeRLeWorld] INFO: STARTING STEP 200
2026-09-18 14:05:16,731 [BombeRLeWorld] INFO: STARTING STEP 201
2026-09-18 14:05:16,741 [BombeRLeWorld] INFO: STARTING STEP 202
2026-09-18 14:05:16,751 [BombeRLeWorld] INFO: STARTING STEP 203
2026-09-18 14:05:16,762 [BombeRLeWorld] INFO: Agent <rule_based_agent_1>'s bomb at (np.int64(15), np.int64(10)) explodes
2026-09-18 14:05:16,762 [BombeRLeWorld] INFO: Agent <rule_based_agent_0>'s bomb at (np.int64(15), np.int64(11)) explodes
2026-09-18 14:05:16,762 [BombeRLeWorld] INFO: STARTING STEP 204
2026-09-18 14:05:16,772 [BombeRLeWorld] INFO: STARTING STEP 205
2026-09-18 14:05:16,781 [BombeRLeWorld] INFO: Agent <rule_based_agent_2> drops bomb at (np.int64(12), np.int64(13))
2026-09-18 14:05:16,782 [BombeRLeWorld] INFO: STARTING STEP 206
2026-09-18 14:05:16,791 [BombeRLeWorld] INFO: STARTING STEP 207
2026-09-18 14:05:16,800 [BombeRLeWorld] INFO: Agent <rule_based_agent_0> drops bomb at (np.int64(13), np.int64(12))
2026-09-18 14:05:16,801 [BombeRLeWorld] INFO: STARTING STEP 208
2026-09-18 14:05:16,809 [BombeRLeWorld] INFO: STARTING STEP 209
2026-09-18 14:05:16,818 [BombeRLeWorld] INFO: Agent <rule_based_agent_1> drops bomb at (np.int64(14), np.int64(11))
2026-09-18 14:05:16,820 [BombeRLeWorld] INFO: Agent <rule_based_agent_2>'s bomb at (np.int64(12), np.int64(13)) explodes
2026-09-18 14:05:16,820 [BombeRLeWorld] INFO: STARTING STEP 210
2026-09-18 14:05:16,829 [BombeRLeWorld] INFO: STARTING STEP 211
2026-09-18 14:05:16,837 [BombeRLeWorld] INFO: Agent <rule_based_agent_0>'s bomb at (np.int64(13), np.int64(12)) explodes
2026-09-18 14:05:16,837 [BombeRLeWorld] INFO: STARTING STEP 212
2026-09-18 14:05:16,848 [BombeRLeWorld] INFO: STARTING STEP 213
2026-09-18 14:05:16,857 [BombeRLeWorld] INFO: Agent <rule_based_agent_1>'s bomb at (np.int64(14), np.int64(11)) explodes
2026-09-18 14:05:16,858 [BombeRLeWorld] INFO: STARTING STEP 214
2026-09-18 14:05:16,868 [BombeRLeWorld] INFO: STARTING STEP 215
2026-09-18 14:05:16,877 [BombeRLeWorld] INFO: Agent <rule_based_agent_0> drops bomb at (np.int64(15), np.int64(8))
2026-09-18 14:05:16,881 [BombeRLeWorld] INFO: STARTING STEP 216
2026-09-18 14:05:16,892 [BombeRLeWorld] INFO: STARTING STEP 217
2026-09-18 14:05:16,903 [BombeRLeWorld] INFO: STARTING STEP 218
2026-09-18 14:05:16,914 [BombeRLeWorld] INFO: STARTING STEP 219
2026-09-18 14:05:16,925 [BombeRLeWorld] INFO: Agent <rule_based_agent_0>'s bomb at (np.int64(15), np.int64(8)) explodes
2026-09-18 14:05:16,926 [BombeRLeWorld] INFO: STARTING STEP 220
2026-09-18 14:05:16,934 [BombeRLeWorld] INFO: STARTING STEP 221
2026-09-18 14:05:16,940 [BombeRLeWorld] INFO: Agent <rule_based_agent_2> drops bomb at (np.int64(13), np.int64(10))
2026-09-18 14:05:16,946 [BombeRLeWorld] INFO: Agent <rule_based_agent_1> drops bomb at (np.int64(13), np.int64(8))
2026-09-18 14:05:16,946 [BombeRLeWorld] INFO: STARTING STEP 222
2026-09-18 14:05:16,959 [BombeRLeWorld] INFO: STARTING STEP 223
2026-09-18 14:05:16,971 [BombeRLeWorld] INFO: Agent <rule_based_agent_0> drops bomb at (np.int64(14), np.int64(9))
2026-09-18 14:05:16,974 [BombeRLeWorld] INFO: STARTING STEP 224
2026-09-18 14:05:16,985 [BombeRLeWorld] INFO: STARTING STEP 225
2026-09-18 14:05:16,996 [BombeRLeWorld] INFO: Agent <rule_based_agent_2>'s bomb at (np.int64(13), np.int64(10)) explodes
2026-09-18 14:05:16,997 [BombeRLeWorld] INFO: Agent <rule_based_agent_1>'s bomb at (np.int64(13), np.int64(8)) explodes
2026-09-18 14:05:16,997 [BombeRLeWorld] INFO: STARTING STEP 226
2026-09-18 14:05:17,009 [BombeRLeWorld] INFO: STARTING STEP 227
2026-09-18 14:05:17,020 [BombeRLeWorld] INFO: Agent <rule_based_agent_0>'s bomb at (np.int64(14), np.int64(9)) explodes
2026-09-18 14:05:17,020 [BombeRLeWorld] INFO: Agent <rule_based_agent_0> blown up by own bomb
2026-09-18 14:05:17,020 [BombeRLeWorld] INFO: STARTING STEP 228
2026-09-18 14:05:17,029 [BombeRLeWorld] INFO: STARTING STEP 229
2026-09-18 14:05:17,039 [BombeRLeWorld] INFO: STARTING STEP 230
2026-09-18 14:05:17,048 [BombeRLeWorld] INFO: STARTING STEP 231
2026-09-18 14:05:17,056 [BombeRLeWorld] INFO: STARTING STEP 232
2026-09-18 14:05:17,066 [BombeRLeWorld] INFO: STARTING STEP 233
2026-09-18 14:05:17,079 [BombeRLeWorld] INFO: Agent <rule_based_agent_2> drops bomb at (np.int64(13), np.int64(9))
2026-09-18 14:05:17,079 [BombeRLeWorld] INFO: STARTING STEP 234
2026-09-18 14:05:17,090 [BombeRLeWorld] INFO: STARTING STEP 235
2026-09-18 14:05:17,100 [BombeRLeWorld] INFO: STARTING STEP 236
2026-09-18 14:05:17,110 [BombeRLeWorld] INFO: STARTING STEP 237
2026-09-18 14:05:17,117 [BombeRLeWorld] INFO: Agent <rule_based_agent_2>'s bomb at (np.int64(13), np.int64(9)) explodes
2026-09-18 14:05:17,118 [BombeRLeWorld] INFO: STARTING STEP 238
2026-09-18 14:05:17,125 [BombeRLeWorld] INFO: STARTING STEP 239
2026-09-18 14:05:17,130 [BombeRLeWorld] INFO: STARTING STEP 240
2026-09-18 14:05:17,135 [BombeRLeWorld] INFO: Agent <rule_based_agent_1> drops bomb at (np.int64(15), np.int64(4))
2026-09-18 14:05:17,139 [BombeRLeWorld] INFO: Agent <rule_based_agent_2> drops bomb at (np.int64(15), np.int64(5))
2026-09-18 14:05:17,139 [BombeRLeWorld] INFO: STARTING STEP 241
2026-09-18 14:05:17,148 [BombeRLeWorld] INFO: STARTING STEP 242
2026-09-18 14:05:17,153 [BombeRLeWorld] INFO: STARTING STEP 243
2026-09-18 14:05:17,158 [BombeRLeWorld] INFO: STARTING STEP 244
2026-09-18 14:05:17,163 [BombeRLeWorld] INFO: Agent <rule_based_agent_1>'s bomb at (np.int64(15), np.int64(4)) explodes
2026-09-18 14:05:17,163 [BombeRLeWorld] INFO: Agent <rule_based_agent_2>'s bomb at (np.int64(15), np.int64(5)) explodes
2026-09-18 14:05:17,163 [BombeRLeWorld] INFO: STARTING STEP 245
2026-09-18 14:05:17,169 [BombeRLeWorld] INFO: STARTING STEP 246
2026-09-18 14:05:17,174 [BombeRLeWorld] INFO: STARTING STEP 247
2026-09-18 14:05:17,180 [BombeRLeWorld] INFO: STARTING STEP 248
2026-09-18 14:05:17,185 [BombeRLeWorld] INFO: Agent <rule_based_agent_1> drops bomb at (np.int64(13), np.int64(3))
2026-09-18 14:05:17,190 [BombeRLeWorld] INFO: Agent <rule_based_agent_2> drops bomb at (np.int64(13), np.int64(4))
2026-09-18 14:05:17,190 [BombeRLeWorld] INFO: STARTING STEP 249
2026-09-18 14:05:17,199 [BombeRLeWorld] INFO: STARTING STEP 250
2026-09-18 14:05:17,204 [BombeRLeWorld] INFO: STARTING STEP 251
2026-09-18 14:05:17,210 [BombeRLeWorld] INFO: STARTING STEP 252
2026-09-18 14:05:17,217 [BombeRLeWorld] INFO: Agent <rule_based_agent_1>'s bomb at (np.int64(13), np.int64(3)) explodes
2026-09-18 14:05:17,217 [BombeRLeWorld] INFO: Agent <rule_based_agent_2>'s bomb at (np.int64(13), np.int64(4)) explodes
2026-09-18 14:05:17,217 [BombeRLeWorld] INFO: STARTING STEP 253
2026-09-18 14:05:17,224 [BombeRLeWorld] INFO: STARTING STEP 254
2026-09-18 14:05:17,230 [BombeRLeWorld] INFO: STARTING STEP 255
2026-09-18 14:05:17,238 [BombeRLeWorld] INFO: Agent <rule_based_agent_1> drops bomb at (np.int64(15), np.int64(3))
2026-09-18 14:05:17,242 [BombeRLeWorld] INFO: Agent <rule_based_agent_2> drops bomb at (np.int64(15), np.int64(4))
2026-09-18 14:05:17,242 [BombeRLeWorld] INFO: STARTING STEP 256
2026-09-18 14:05:17,251 [BombeRLeWorld] INFO: STARTING STEP 257
2026-09-18 14:05:17,258 [BombeRLeWorld] INFO: STARTING STEP 258
2026-09-18 14:05:17,265 [BombeRLeWorld] INFO: STARTING STEP 259
2026-09-18 14:05:17,271 [BombeRLeWorld] INFO: Agent <rule_based_agent_1>'s bomb at (np.int64(15), np.int64(3)) explodes
2026-09-18 14:05:17,271 [BombeRLeWorld] INFO: Agent <rule_based_agent_2>'s bomb at (np.int64(15), np.int64(4)) explodes
2026-09-18 14:05:17,272 [BombeRLeWorld] INFO: STARTING STEP 260
2026-09-18 14:05:17,278 [BombeRLeWorld] INFO: STARTING STEP 261
2026-09-18 14:05:17,285 [BombeRLeWorld] INFO: STARTING STEP 262
2026-09-18 14:05:17,294 [BombeRLeWorld] INFO: STARTING STEP 263
2026-09-18 14:05:17,304 [BombeRLeWorld] INFO: STARTING STEP 264
2026-09-18 14:05:17,310 [BombeRLeWorld] INFO: STARTING STEP 265
2026-09-18 14:05:17,316 [BombeRLeWorld] INFO: Agent <rule_based_agent_2> drops bomb at (np.int64(10), np.int64(3))
2026-09-18 14:05:17,321 [BombeRLeWorld] INFO: Agent <rule_based_agent_1> drops bomb at (np.int64(11), np.int64(3))
2026-09-18 14:05:17,321 [BombeRLeWorld] INFO: STARTING STEP 266
2026-09-18 14:05:17,330 [BombeRLeWorld] INFO: STARTING STEP 267
2026-09-18 14:05:17,335 [BombeRLeWorld] INFO: STARTING STEP 268
2026-09-18 14:05:17,340 [BombeRLeWorld] INFO: STARTING STEP 269
2026-09-18 14:05:17,345 [BombeRLeWorld] INFO: Agent <rule_based_agent_2>'s bomb at (np.int64(10), np.int64(3)) explodes
2026-09-18 14:05:17,346 [BombeRLeWorld] INFO: Coin found at (np.int64(8), np.int64(3))
2026-09-18 14:05:17,346 [BombeRLeWorld] INFO: Agent <rule_based_agent_1>'s bomb at (np.int64(11), np.int64(3)) explodes
2026-09-18 14:05:17,346 [BombeRLeWorld] INFO: STARTING STEP 270
2026-09-18 14:05:17,352 [BombeRLeWorld] INFO: STARTING STEP 271
2026-09-18 14:05:17,358 [BombeRLeWorld] INFO: STARTING STEP 272
2026-09-18 14:05:17,364 [BombeRLeWorld] INFO: Agent <rule_based_agent_1> drops bomb at (np.int64(11), np.int64(5))
2026-09-18 14:05:17,370 [BombeRLeWorld] INFO: Agent <rule_based_agent_2> drops bomb at (np.int64(10), np.int64(5))
2026-09-18 14:05:17,370 [BombeRLeWorld] INFO: STARTING STEP 273
2026-09-18 14:05:17,377 [BombeRLeWorld] INFO: STARTING STEP 274
2026-09-18 14:05:17,383 [BombeRLeWorld] INFO: STARTING STEP 275
2026-09-18 14:05:17,389 [BombeRLeWorld] INFO: STARTING STEP 276
2026-09-18 14:05:17,395 [BombeRLeWorld] INFO: Agent <rule_based_agent_1>'s bomb at (np.int64(11), np.int64(5)) explodes
2026-09-18 14:05:17,395 [BombeRLeWorld] INFO: Agent <rule_based_agent_2>'s bomb at (np.int64(10), np.int64(5)) explodes
2026-09-18 14:05:17,395 [BombeRLeWorld] INFO: STARTING STEP 277
2026-09-18 14:05:17,401 [BombeRLeWorld] INFO: STARTING STEP 278
2026-09-18 14:05:17,408 [BombeRLeWorld] INFO: STARTING STEP 279
2026-09-18 14:05:17,416 [BombeRLeWorld] INFO: STARTING STEP 280
2026-09-18 14:05:17,426 [BombeRLeWorld] INFO: STARTING STEP 281
2026-09-18 14:05:17,433 [BombeRLeWorld] INFO: Agent <rule_based_agent_1> drops bomb at (np.int64(9), np.int64(3))
2026-09-18 14:05:17,439 [BombeRLeWorld] INFO: Agent <rule_based_agent_2> drops bomb at (np.int64(9), np.int64(4))
2026-09-18 14:05:17,439 [BombeRLeWorld] INFO: STARTING STEP 282
2026-09-18 14:05:17,445 [BombeRLeWorld] INFO: STARTING STEP 283
2026-09-18 14:05:17,451 [BombeRLeWorld] INFO: STARTING STEP 284
2026-09-18 14:05:17,457 [BombeRLeWorld] INFO: STARTING STEP 285
2026-09-18 14:05:17,463 [BombeRLeWorld] INFO: Agent <rule_based_agent_1>'s bomb at (np.int64(9), np.int64(3)) explodes
2026-09-18 14:05:17,463 [BombeRLeWorld] INFO: Agent <rule_based_agent_2>'s bomb at (np.int64(9), np.int64(4)) explodes
2026-09-18 14:05:17,463 [BombeRLeWorld] INFO: STARTING STEP 286
2026-09-18 14:05:17,469 [BombeRLeWorld] INFO: STARTING STEP 287
2026-09-18 14:05:17,475 [BombeRLeWorld] INFO: STARTING STEP 288
2026-09-18 14:05:17,484 [BombeRLeWorld] INFO: STARTING STEP 289
2026-09-18 14:05:17,492 [BombeRLeWorld] INFO: STARTING STEP 290
2026-09-18 14:05:17,500 [BombeRLeWorld] INFO: STARTING STEP 291
2026-09-18 14:05:17,508 [BombeRLeWorld] INFO: STARTING STEP 292
2026-09-18 14:05:17,516 [BombeRLeWorld] INFO: Agent <rule_based_agent_1> picked up coin at (np.int64(8), np.int64(3)) and receives 1 point
2026-09-18 14:05:17,516 [BombeRLeWorld] INFO: STARTING STEP 293
2026-09-18 14:05:17,528 [BombeRLeWorld] INFO: STARTING STEP 294
2026-09-18 14:05:17,539 [BombeRLeWorld] INFO: STARTING STEP 295
2026-09-18 14:05:17,551 [BombeRLeWorld] INFO: STARTING STEP 296
2026-09-18 14:05:17,562 [BombeRLeWorld] INFO: Agent <rule_based_agent_1> drops bomb at (np.int64(5), np.int64(3))
2026-09-18 14:05:17,565 [BombeRLeWorld] INFO: STARTING STEP 297
2026-09-18 14:05:17,573 [BombeRLeWorld] INFO: STARTING STEP 298
2026-09-18 14:05:17,579 [BombeRLeWorld] INFO: STARTING STEP 299
2026-09-18 14:05:17,586 [BombeRLeWorld] INFO: STARTING STEP 300
2026-09-18 14:05:17,592 [BombeRLeWorld] INFO: Agent <rule_based_agent_1>'s bomb at (np.int64(5), np.int64(3)) explodes
2026-09-18 14:05:17,592 [BombeRLeWorld] INFO: STARTING STEP 301
2026-09-18 14:05:17,599 [BombeRLeWorld] INFO: STARTING STEP 302
2026-09-18 14:05:17,605 [BombeRLeWorld] INFO: STARTING STEP 303
2026-09-18 14:05:17,610 [BombeRLeWorld] INFO: Agent <rule_based_agent_2> drops bomb at (np.int64(7), np.int64(4))
2026-09-18 14:05:17,615 [BombeRLeWorld] INFO: Agent <rule_based_agent_1> drops bomb at (np.int64(7), np.int64(3))
2026-09-18 14:05:17,615 [BombeRLeWorld] INFO: STARTING STEP 304
2026-09-18 14:05:17,619 [BombeRLeWorld] INFO: STARTING STEP 305
2026-09-18 14:05:17,625 [BombeRLeWorld] INFO: STARTING STEP 306
2026-09-18 14:05:17,630 [BombeRLeWorld] INFO: STARTING STEP 307
2026-09-18 14:05:17,637 [BombeRLeWorld] INFO: Agent <rule_based_agent_2>'s bomb at (np.int64(7), np.int64(4)) explodes
2026-09-18 14:05:17,637 [BombeRLeWorld] INFO: Agent <rule_based_agent_1>'s bomb at (np.int64(7), np.int64(3)) explodes
2026-09-18 14:05:17,637 [BombeRLeWorld] INFO: STARTING STEP 308
2026-09-18 14:05:17,644 [BombeRLeWorld] INFO: STARTING STEP 309
2026-09-18 14:05:17,651 [BombeRLeWorld] INFO: STARTING STEP 310
2026-09-18 14:05:17,660 [BombeRLeWorld] INFO: STARTING STEP 311
2026-09-18 14:05:17,670 [BombeRLeWorld] INFO: STARTING STEP 312
2026-09-18 14:05:17,678 [BombeRLeWorld] INFO: STARTING STEP 313
2026-09-18 14:05:17,688 [BombeRLeWorld] INFO: STARTING STEP 314
2026-09-18 14:05:17,697 [BombeRLeWorld] INFO: STARTING STEP 315
2026-09-18 14:05:17,707 [BombeRLeWorld] INFO: STARTING STEP 316
2026-09-18 14:05:17,718 [BombeRLeWorld] INFO: STARTING STEP 317
2026-09-18 14:05:17,729 [BombeRLeWorld] INFO: STARTING STEP 318
2026-09-18 14:05:17,740 [BombeRLeWorld] INFO: STARTING STEP 319
2026-09-18 14:05:17,752 [BombeRLeWorld] INFO: STARTING STEP 320
2026-09-18 14:05:17,763 [BombeRLeWorld] INFO: STARTING STEP 321
2026-09-18 14:05:17,775 [BombeRLeWorld] INFO: STARTING STEP 322
2026-09-18 14:05:17,785 [BombeRLeWorld] INFO: STARTING STEP 323
2026-09-18 14:05:17,797 [BombeRLeWorld] INFO: STARTING STEP 324
2026-09-18 14:05:17,808 [BombeRLeWorld] INFO: STARTING STEP 325
2026-09-18 14:05:17,819 [BombeRLeWorld] INFO: STARTING STEP 326
2026-09-18 14:05:17,830 [BombeRLeWorld] INFO: STARTING STEP 327
2026-09-18 14:05:17,842 [BombeRLeWorld] INFO: STARTING STEP 328
2026-09-18 14:05:17,852 [BombeRLeWorld] INFO: STARTING STEP 329
2026-09-18 14:05:17,863 [BombeRLeWorld] INFO: STARTING STEP 330
2026-09-18 14:05:17,874 [BombeRLeWorld] INFO: STARTING STEP 331
2026-09-18 14:05:17,885 [BombeRLeWorld] INFO: STARTING STEP 332
2026-09-18 14:05:17,896 [BombeRLeWorld] INFO: STARTING STEP 333
2026-09-18 14:05:17,908 [BombeRLeWorld] INFO: STARTING STEP 334
2026-09-18 14:05:17,918 [BombeRLeWorld] INFO: STARTING STEP 335
2026-09-18 14:05:17,930 [BombeRLeWorld] INFO: STARTING STEP 336
2026-09-18 14:05:17,941 [BombeRLeWorld] INFO: STARTING STEP 337
2026-09-18 14:05:17,953 [BombeRLeWorld] INFO: STARTING STEP 338
2026-09-18 14:05:17,965 [BombeRLeWorld] INFO: STARTING STEP 339
2026-09-18 14:05:17,978 [BombeRLeWorld] INFO: STARTING STEP 340
2026-09-18 14:05:17,991 [BombeRLeWorld] INFO: STARTING STEP 341
2026-09-18 14:05:18,004 [BombeRLeWorld] INFO: STARTING STEP 342
2026-09-18 14:05:18,017 [BombeRLeWorld] INFO: STARTING STEP 343
2026-09-18 14:05:18,029 [BombeRLeWorld] INFO: STARTING STEP 344
2026-09-18 14:05:18,041 [BombeRLeWorld] INFO: STARTING STEP 345
2026-09-18 14:05:18,053 [BombeRLeWorld] INFO: STARTING STEP 346
2026-09-18 14:05:18,064 [BombeRLeWorld] INFO: STARTING STEP 347
2026-09-18 14:05:18,075 [BombeRLeWorld] INFO: STARTING STEP 348
2026-09-18 14:05:18,086 [BombeRLeWorld] INFO: STARTING STEP 349
2026-09-18 14:05:18,098 [BombeRLeWorld] INFO: STARTING STEP 350
2026-09-18 14:05:18,109 [BombeRLeWorld] INFO: STARTING STEP 351
2026-09-18 14:05:18,121 [BombeRLeWorld] INFO: STARTING STEP 352
2026-09-18 14:05:18,132 [BombeRLeWorld] INFO: STARTING STEP 353
2026-09-18 14:05:18,143 [BombeRLeWorld] INFO: STARTING STEP 354
2026-09-18 14:05:18,154 [BombeRLeWorld] INFO: STARTING STEP 355
2026-09-18 14:05:18,166 [BombeRLeWorld] INFO: STARTING STEP 356
2026-09-18 14:05:18,177 [BombeRLeWorld] INFO: STARTING STEP 357
2026-09-18 14:05:18,189 [BombeRLeWorld] INFO: STARTING STEP 358
2026-09-18 14:05:18,199 [BombeRLeWorld] INFO: STARTING STEP 359
2026-09-18 14:05:18,211 [BombeRLeWorld] INFO: STARTING STEP 360
2026-09-18 14:05:18,222 [BombeRLeWorld] INFO: STARTING STEP 361
2026-09-18 14:05:18,233 [BombeRLeWorld] INFO: STARTING STEP 362
2026-09-18 14:05:18,244 [BombeRLeWorld] INFO: STARTING STEP 363
2026-09-18 14:05:18,256 [BombeRLeWorld] INFO: STARTING STEP 364
2026-09-18 14:05:18,267 [BombeRLeWorld] INFO: STARTING STEP 365
2026-09-18 14:05:18,278 [BombeRLeWorld] INFO: STARTING STEP 366
2026-09-18 14:05:18,289 [BombeRLeWorld] INFO: STARTING STEP 367
2026-09-18 14:05:18,301 [BombeRLeWorld] INFO: STARTING STEP 368
2026-09-18 14:05:18,311 [BombeRLeWorld] INFO: STARTING STEP 369
2026-09-18 14:05:18,323 [BombeRLeWorld] INFO: STARTING STEP 370
2026-09-18 14:05:18,334 [BombeRLeWorld] INFO: STARTING STEP 371
2026-09-18 14:05:18,345 [BombeRLeWorld] INFO: STARTING STEP 372
2026-09-18 14:05:18,356 [BombeRLeWorld] INFO: STARTING STEP 373
2026-09-18 14:05:18,368 [BombeRLeWorld] INFO: STARTING STEP 374
2026-09-18 14:05:18,380 [BombeRLeWorld] INFO: STARTING STEP 375
2026-09-18 14:05:18,392 [BombeRLeWorld] INFO: STARTING STEP 376
2026-09-18 14:05:18,404 [BombeRLeWorld] INFO: STARTING STEP 377
2026-09-18 14:05:18,416 [BombeRLeWorld] INFO: STARTING STEP 378
2026-09-18 14:05:18,428 [BombeRLeWorld] INFO: STARTING STEP 379
2026-09-18 14:05:18,440 [BombeRLeWorld] INFO: STARTING STEP 380
2026-09-18 14:05:18,451 [BombeRLeWorld] INFO: STARTING STEP 381
2026-09-18 14:05:18,462 [BombeRLeWorld] INFO: STARTING STEP 382
2026-09-18 14:05:18,473 [BombeRLeWorld] INFO: STARTING STEP 383
2026-09-18 14:05:18,485 [BombeRLeWorld] INFO: STARTING STEP 384
2026-09-18 14:05:18,496 [BombeRLeWorld] INFO: STARTING STEP 385
2026-09-18 14:05:18,507 [BombeRLeWorld] INFO: STARTING STEP 386
2026-09-18 14:05:18,518 [BombeRLeWorld] INFO: STARTING STEP 387
2026-09-18 14:05:18,530 [BombeRLeWorld] INFO: STARTING STEP 388
2026-09-18 14:05:18,542 [BombeRLeWorld] INFO: STARTING STEP 389
2026-09-18 14:05:18,555 [BombeRLeWorld] INFO: STARTING STEP 390
2026-09-18 14:05:18,567 [BombeRLeWorld] INFO: STARTING STEP 391
2026-09-18 14:05:18,581 [BombeRLeWorld] INFO: STARTING STEP 392
2026-09-18 14:05:18,592 [BombeRLeWorld] INFO: STARTING STEP 393
2026-09-18 14:05:18,604 [BombeRLeWorld] INFO: STARTING STEP 394
2026-09-18 14:05:18,615 [BombeRLeWorld] INFO: STARTING STEP 395
2026-09-18 14:05:18,627 [BombeRLeWorld] INFO: STARTING STEP 396
2026-09-18 14:05:18,639 [BombeRLeWorld] INFO: STARTING STEP 397
2026-09-18 14:05:18,651 [BombeRLeWorld] INFO: STARTING STEP 398
2026-09-18 14:05:18,662 [BombeRLeWorld] INFO: STARTING STEP 399
2026-09-18 14:05:18,674 [BombeRLeWorld] INFO: STARTING STEP 400
2026-09-18 14:05:18,685 [BombeRLeWorld] INFO: Maximum number of steps reached, wrap up round
2026-09-18 14:05:18,685 [BombeRLeWorld] INFO: WRAPPING UP ROUND #1
2026-09-18 14:05:18,698 [BombeRLeWorld] INFO: SHUT DOWN
