0 394.771 ms ControllableSurvivalResult(proven_actions=('RIGHT', 'DOWN', 'WAIT'), scenarios_evaluated=276, states_evaluated=167925, timed_out=False, first_failing_profile=None, first_failing_order=None)
1 393.95 ms ControllableSurvivalResult(proven_actions=('RIGHT', 'DOWN', 'WAIT'), scenarios_evaluated=276, states_evaluated=167925, timed_out=False, first_failing_profile=None, first_failing_order=None)
2 399.484 ms ControllableSurvivalResult(proven_actions=('RIGHT', 'DOWN', 'WAIT'), scenarios_evaluated=276, states_evaluated=167925, timed_out=False, first_failing_profile=None, first_failing_order=None)
3 400.778 ms ControllableSurvivalResult(proven_actions=('RIGHT', 'DOWN'), scenarios_evaluated=276, states_evaluated=167323, timed_out=True, first_failing_profile=None, first_failing_order=None)
4 392.71 ms ControllableSurvivalResult(proven_actions=('RIGHT', 'DOWN', 'WAIT'), scenarios_evaluated=276, states_evaluated=167925, timed_out=False, first_failing_profile=None, first_failing_order=None)
5 381.874 ms ControllableSurvivalResult(proven_actions=('RIGHT', 'DOWN', 'WAIT'), scenarios_evaluated=276, states_evaluated=167925, timed_out=False, first_failing_profile=None, first_failing_order=None)
6 376.723 ms ControllableSurvivalResult(proven_actions=('RIGHT', 'DOWN', 'WAIT'), scenarios_evaluated=276, states_evaluated=167925, timed_out=False, first_failing_profile=None, first_failing_order=None)
7 375.55 ms ControllableSurvivalResult(proven_actions=('RIGHT', 'DOWN', 'WAIT'), scenarios_evaluated=276, states_evaluated=167925, timed_out=False, first_failing_profile=None, first_failing_order=None)
8 367.779 ms ControllableSurvivalResult(proven_actions=('RIGHT', 'DOWN', 'WAIT'), scenarios_evaluated=276, states_evaluated=167925, timed_out=False, first_failing_profile=None, first_failing_order=None)
9 373.499 ms ControllableSurvivalResult(proven_actions=('RIGHT', 'DOWN', 'WAIT'), scenarios_evaluated=276, states_evaluated=167925, timed_out=False, first_failing_profile=None, first_failing_order=None)
10 374.778 ms ControllableSurvivalResult(proven_actions=('RIGHT', 'DOWN', 'WAIT'), scenarios_evaluated=276, states_evaluated=167925, timed_out=False, first_failing_profile=None, first_failing_order=None)
11 373.788 ms ControllableSurvivalResult(proven_actions=('RIGHT', 'DOWN', 'WAIT'), scenarios_evaluated=276, states_evaluated=167925, timed_out=False, first_failing_profile=None, first_failing_order=None)
12 383.579 ms ControllableSurvivalResult(proven_actions=('RIGHT', 'DOWN', 'WAIT'), scenarios_evaluated=276, states_evaluated=167925, timed_out=False, first_failing_profile=None, first_failing_order=None)
13 380.716 ms ControllableSurvivalResult(proven_actions=('RIGHT', 'DOWN', 'WAIT'), scenarios_evaluated=276, states_evaluated=167925, timed_out=False, first_failing_profile=None, first_failing_order=None)
14 396.457 ms ControllableSurvivalResult(proven_actions=('RIGHT', 'DOWN', 'WAIT'), scenarios_evaluated=276, states_evaluated=167925, timed_out=False, first_failing_profile=None, first_failing_order=None)
15 397.824 ms ControllableSurvivalResult(proven_actions=('RIGHT', 'DOWN', 'WAIT'), scenarios_evaluated=276, states_evaluated=167925, timed_out=False, first_failing_profile=None, first_failing_order=None)
16 400.652 ms ControllableSurvivalResult(proven_actions=('RIGHT', 'DOWN'), scenarios_evaluated=269, states_evaluated=163063, timed_out=True, first_failing_profile=None, first_failing_order=None)
17 399.754 ms ControllableSurvivalResult(proven_actions=('RIGHT', 'DOWN', 'WAIT'), scenarios_evaluated=276, states_evaluated=167925, timed_out=False, first_failing_profile=None, first_failing_order=None)
18 401.415 ms ControllableSurvivalResult(proven_actions=('RIGHT', 'DOWN'), scenarios_evaluated=274, states_evaluated=166119, timed_out=True, first_failing_profile=None, first_failing_order=None)
19 400.534 ms ControllableSurvivalResult(proven_actions=('RIGHT', 'DOWN'), scenarios_evaluated=265, states_evaluated=160678, timed_out=True, first_failing_profile=None, first_failing_order=None)
20 400.488 ms ControllableSurvivalResult(proven_actions=('RIGHT', 'DOWN'), scenarios_evaluated=268, states_evaluated=162467, timed_out=True, first_failing_profile=None, first_failing_order=None)
21 400.703 ms ControllableSurvivalResult(proven_actions=('RIGHT', 'DOWN'), scenarios_evaluated=257, states_evaluated=155854, timed_out=True, first_failing_profile=None, first_failing_order=None)
22 400.933 ms ControllableSurvivalResult(proven_actions=('RIGHT', 'DOWN'), scenarios_evaluated=267, states_evaluated=161878, timed_out=True, first_failing_profile=None, first_failing_order=None)
23 401.203 ms ControllableSurvivalResult(proven_actions=('RIGHT', 'DOWN'), scenarios_evaluated=254, states_evaluated=154022, timed_out=True, first_failing_profile=None, first_failing_order=None)
24 400.632 ms ControllableSurvivalResult(proven_actions=('RIGHT', 'DOWN'), scenarios_evaluated=265, states_evaluated=160678, timed_out=True, first_failing_profile=None, first_failing_order=None)
25 401.189 ms ControllableSurvivalResult(proven_actions=('RIGHT', 'DOWN'), scenarios_evaluated=276, states_evaluated=167323, timed_out=True, first_failing_profile=None, first_failing_order=None)
26 400.545 ms ControllableSurvivalResult(proven_actions=('RIGHT', 'DOWN'), scenarios_evaluated=266, states_evaluated=161275, timed_out=True, first_failing_profile=None, first_failing_order=None)
27 400.948 ms ControllableSurvivalResult(proven_actions=('RIGHT', 'DOWN'), scenarios_evaluated=260, states_evaluated=157654, timed_out=True, first_failing_profile=None, first_failing_order=None)
28 400.489 ms ControllableSurvivalResult(proven_actions=('RIGHT', 'DOWN'), scenarios_evaluated=270, states_evaluated=163677, timed_out=True, first_failing_profile=None, first_failing_order=None)
29 400.691 ms ControllableSurvivalResult(proven_actions=('RIGHT', 'DOWN'), scenarios_evaluated=272, states_evaluated=164903, timed_out=True, first_failing_profile=None, first_failing_order=None)
Traceback (most recent call last):
  File "/tmp/repro-viability-timeout.py", line 17, in <module>
    assert not any(results),'Historical safety search still times out'
AssertionError: Historical safety search still times out
